Archive member included to satisfy reference by file (symbol)

c:/ac6/systemworkbench/plugins/fr.ac6.mcu.externaltools.arm-none.win32_1.17.0.201812190825/tools/compiler/bin/../lib/gcc/arm-none-eabi/7.3.1/../../../../arm-none-eabi/lib/thumb/v7e-m/fpv4-sp/hard\libc.a(lib_a-errno.o)
                              startup/sysmem.o (__errno)
c:/ac6/systemworkbench/plugins/fr.ac6.mcu.externaltools.arm-none.win32_1.17.0.201812190825/tools/compiler/bin/../lib/gcc/arm-none-eabi/7.3.1/../../../../arm-none-eabi/lib/thumb/v7e-m/fpv4-sp/hard\libc.a(lib_a-exit.o)
                              c:/ac6/systemworkbench/plugins/fr.ac6.mcu.externaltools.arm-none.win32_1.17.0.201812190825/tools/compiler/bin/../lib/gcc/arm-none-eabi/7.3.1/../../../../arm-none-eabi/lib/thumb/v7e-m/fpv4-sp/hard/crt0.o (exit)
c:/ac6/systemworkbench/plugins/fr.ac6.mcu.externaltools.arm-none.win32_1.17.0.201812190825/tools/compiler/bin/../lib/gcc/arm-none-eabi/7.3.1/../../../../arm-none-eabi/lib/thumb/v7e-m/fpv4-sp/hard\libc.a(lib_a-impure.o)
                              c:/ac6/systemworkbench/plugins/fr.ac6.mcu.externaltools.arm-none.win32_1.17.0.201812190825/tools/compiler/bin/../lib/gcc/arm-none-eabi/7.3.1/../../../../arm-none-eabi/lib/thumb/v7e-m/fpv4-sp/hard\libc.a(lib_a-exit.o) (_global_impure_ptr)
c:/ac6/systemworkbench/plugins/fr.ac6.mcu.externaltools.arm-none.win32_1.17.0.201812190825/tools/compiler/bin/../lib/gcc/arm-none-eabi/7.3.1/../../../../arm-none-eabi/lib/thumb/v7e-m/fpv4-sp/hard\libc.a(lib_a-init.o)
                              c:/ac6/systemworkbench/plugins/fr.ac6.mcu.externaltools.arm-none.win32_1.17.0.201812190825/tools/compiler/bin/../lib/gcc/arm-none-eabi/7.3.1/../../../../arm-none-eabi/lib/thumb/v7e-m/fpv4-sp/hard/crt0.o (__libc_init_array)
c:/ac6/systemworkbench/plugins/fr.ac6.mcu.externaltools.arm-none.win32_1.17.0.201812190825/tools/compiler/bin/../lib/gcc/arm-none-eabi/7.3.1/../../../../arm-none-eabi/lib/thumb/v7e-m/fpv4-sp/hard\libc.a(lib_a-memset.o)
                              c:/ac6/systemworkbench/plugins/fr.ac6.mcu.externaltools.arm-none.win32_1.17.0.201812190825/tools/compiler/bin/../lib/gcc/arm-none-eabi/7.3.1/../../../../arm-none-eabi/lib/thumb/v7e-m/fpv4-sp/hard/crt0.o (memset)
c:/ac6/systemworkbench/plugins/fr.ac6.mcu.externaltools.arm-none.win32_1.17.0.201812190825/tools/compiler/bin/../lib/gcc/arm-none-eabi/7.3.1/../../../../arm-none-eabi/lib/thumb/v7e-m/fpv4-sp/hard\libc.a(lib_a-__call_atexit.o)
                              c:/ac6/systemworkbench/plugins/fr.ac6.mcu.externaltools.arm-none.win32_1.17.0.201812190825/tools/compiler/bin/../lib/gcc/arm-none-eabi/7.3.1/../../../../arm-none-eabi/lib/thumb/v7e-m/fpv4-sp/hard\libc.a(lib_a-exit.o) (__call_exitprocs)
c:/ac6/systemworkbench/plugins/fr.ac6.mcu.externaltools.arm-none.win32_1.17.0.201812190825/tools/compiler/bin/../lib/gcc/arm-none-eabi/7.3.1/../../../../arm-none-eabi/lib/thumb/v7e-m/fpv4-sp/hard\libc.a(lib_a-atexit.o)
                              c:/ac6/systemworkbench/plugins/fr.ac6.mcu.externaltools.arm-none.win32_1.17.0.201812190825/tools/compiler/bin/../lib/gcc/arm-none-eabi/7.3.1/../../../../arm-none-eabi/lib/thumb/v7e-m/fpv4-sp/hard\libc.a(lib_a-__call_atexit.o) (atexit)
c:/ac6/systemworkbench/plugins/fr.ac6.mcu.externaltools.arm-none.win32_1.17.0.201812190825/tools/compiler/bin/../lib/gcc/arm-none-eabi/7.3.1/../../../../arm-none-eabi/lib/thumb/v7e-m/fpv4-sp/hard\libc.a(lib_a-fini.o)
                              c:/ac6/systemworkbench/plugins/fr.ac6.mcu.externaltools.arm-none.win32_1.17.0.201812190825/tools/compiler/bin/../lib/gcc/arm-none-eabi/7.3.1/../../../../arm-none-eabi/lib/thumb/v7e-m/fpv4-sp/hard\libc.a(lib_a-__call_atexit.o) (__libc_fini_array)
c:/ac6/systemworkbench/plugins/fr.ac6.mcu.externaltools.arm-none.win32_1.17.0.201812190825/tools/compiler/bin/../lib/gcc/arm-none-eabi/7.3.1/../../../../arm-none-eabi/lib/thumb/v7e-m/fpv4-sp/hard\libc.a(lib_a-lock.o)
                              c:/ac6/systemworkbench/plugins/fr.ac6.mcu.externaltools.arm-none.win32_1.17.0.201812190825/tools/compiler/bin/../lib/gcc/arm-none-eabi/7.3.1/../../../../arm-none-eabi/lib/thumb/v7e-m/fpv4-sp/hard\libc.a(lib_a-__call_atexit.o) (__retarget_lock_acquire_recursive)
c:/ac6/systemworkbench/plugins/fr.ac6.mcu.externaltools.arm-none.win32_1.17.0.201812190825/tools/compiler/bin/../lib/gcc/arm-none-eabi/7.3.1/../../../../arm-none-eabi/lib/thumb/v7e-m/fpv4-sp/hard\libc.a(lib_a-__atexit.o)
                              c:/ac6/systemworkbench/plugins/fr.ac6.mcu.externaltools.arm-none.win32_1.17.0.201812190825/tools/compiler/bin/../lib/gcc/arm-none-eabi/7.3.1/../../../../arm-none-eabi/lib/thumb/v7e-m/fpv4-sp/hard\libc.a(lib_a-atexit.o) (__register_exitproc)

Allocating common symbols
Common symbol       size              file

__lock___atexit_recursive_mutex
                    0x1               c:/ac6/systemworkbench/plugins/fr.ac6.mcu.externaltools.arm-none.win32_1.17.0.201812190825/tools/compiler/bin/../lib/gcc/arm-none-eabi/7.3.1/../../../../arm-none-eabi/lib/thumb/v7e-m/fpv4-sp/hard\libc.a(lib_a-lock.o)
__lock___arc4random_mutex
                    0x1               c:/ac6/systemworkbench/plugins/fr.ac6.mcu.externaltools.arm-none.win32_1.17.0.201812190825/tools/compiler/bin/../lib/gcc/arm-none-eabi/7.3.1/../../../../arm-none-eabi/lib/thumb/v7e-m/fpv4-sp/hard\libc.a(lib_a-lock.o)
__lock___env_recursive_mutex
                    0x1               c:/ac6/systemworkbench/plugins/fr.ac6.mcu.externaltools.arm-none.win32_1.17.0.201812190825/tools/compiler/bin/../lib/gcc/arm-none-eabi/7.3.1/../../../../arm-none-eabi/lib/thumb/v7e-m/fpv4-sp/hard\libc.a(lib_a-lock.o)
__lock___sinit_recursive_mutex
                    0x1               c:/ac6/systemworkbench/plugins/fr.ac6.mcu.externaltools.arm-none.win32_1.17.0.201812190825/tools/compiler/bin/../lib/gcc/arm-none-eabi/7.3.1/../../../../arm-none-eabi/lib/thumb/v7e-m/fpv4-sp/hard\libc.a(lib_a-lock.o)
__lock___malloc_recursive_mutex
                    0x1               c:/ac6/systemworkbench/plugins/fr.ac6.mcu.externaltools.arm-none.win32_1.17.0.201812190825/tools/compiler/bin/../lib/gcc/arm-none-eabi/7.3.1/../../../../arm-none-eabi/lib/thumb/v7e-m/fpv4-sp/hard\libc.a(lib_a-lock.o)
I2C1_Handle         0x24              Device_driver/drivers/adlx345.o
__lock___at_quick_exit_mutex
                    0x1               c:/ac6/systemworkbench/plugins/fr.ac6.mcu.externaltools.arm-none.win32_1.17.0.201812190825/tools/compiler/bin/../lib/gcc/arm-none-eabi/7.3.1/../../../../arm-none-eabi/lib/thumb/v7e-m/fpv4-sp/hard\libc.a(lib_a-lock.o)
__lock___dd_hash_mutex
                    0x1               c:/ac6/systemworkbench/plugins/fr.ac6.mcu.externaltools.arm-none.win32_1.17.0.201812190825/tools/compiler/bin/../lib/gcc/arm-none-eabi/7.3.1/../../../../arm-none-eabi/lib/thumb/v7e-m/fpv4-sp/hard\libc.a(lib_a-lock.o)
__lock___tz_mutex   0x1               c:/ac6/systemworkbench/plugins/fr.ac6.mcu.externaltools.arm-none.win32_1.17.0.201812190825/tools/compiler/bin/../lib/gcc/arm-none-eabi/7.3.1/../../../../arm-none-eabi/lib/thumb/v7e-m/fpv4-sp/hard\libc.a(lib_a-lock.o)
gpio_I2C1_Handle    0xc               Device_driver/drivers/adlx345.o
__lock___sfp_recursive_mutex
                    0x1               c:/ac6/systemworkbench/plugins/fr.ac6.mcu.externaltools.arm-none.win32_1.17.0.201812190825/tools/compiler/bin/../lib/gcc/arm-none-eabi/7.3.1/../../../../arm-none-eabi/lib/thumb/v7e-m/fpv4-sp/hard\libc.a(lib_a-lock.o)

Discarded input sections

 .text          0x00000000        0x0 c:/ac6/systemworkbench/plugins/fr.ac6.mcu.externaltools.arm-none.win32_1.17.0.201812190825/tools/compiler/bin/../lib/gcc/arm-none-eabi/7.3.1/thumb/v7e-m/fpv4-sp/hard/crti.o
 .data          0x00000000        0x0 c:/ac6/systemworkbench/plugins/fr.ac6.mcu.externaltools.arm-none.win32_1.17.0.201812190825/tools/compiler/bin/../lib/gcc/arm-none-eabi/7.3.1/thumb/v7e-m/fpv4-sp/hard/crti.o
 .bss           0x00000000        0x0 c:/ac6/systemworkbench/plugins/fr.ac6.mcu.externaltools.arm-none.win32_1.17.0.201812190825/tools/compiler/bin/../lib/gcc/arm-none-eabi/7.3.1/thumb/v7e-m/fpv4-sp/hard/crti.o
 .data          0x00000000        0x4 c:/ac6/systemworkbench/plugins/fr.ac6.mcu.externaltools.arm-none.win32_1.17.0.201812190825/tools/compiler/bin/../lib/gcc/arm-none-eabi/7.3.1/thumb/v7e-m/fpv4-sp/hard/crtbegin.o
 .text          0x00000000       0x74 c:/ac6/systemworkbench/plugins/fr.ac6.mcu.externaltools.arm-none.win32_1.17.0.201812190825/tools/compiler/bin/../lib/gcc/arm-none-eabi/7.3.1/../../../../arm-none-eabi/lib/thumb/v7e-m/fpv4-sp/hard/crt0.o
 .data          0x00000000        0x0 c:/ac6/systemworkbench/plugins/fr.ac6.mcu.externaltools.arm-none.win32_1.17.0.201812190825/tools/compiler/bin/../lib/gcc/arm-none-eabi/7.3.1/../../../../arm-none-eabi/lib/thumb/v7e-m/fpv4-sp/hard/crt0.o
 .bss           0x00000000        0x0 c:/ac6/systemworkbench/plugins/fr.ac6.mcu.externaltools.arm-none.win32_1.17.0.201812190825/tools/compiler/bin/../lib/gcc/arm-none-eabi/7.3.1/../../../../arm-none-eabi/lib/thumb/v7e-m/fpv4-sp/hard/crt0.o
 .ARM.extab     0x00000000        0x0 c:/ac6/systemworkbench/plugins/fr.ac6.mcu.externaltools.arm-none.win32_1.17.0.201812190825/tools/compiler/bin/../lib/gcc/arm-none-eabi/7.3.1/../../../../arm-none-eabi/lib/thumb/v7e-m/fpv4-sp/hard/crt0.o
 .ARM.exidx     0x00000000        0x8 c:/ac6/systemworkbench/plugins/fr.ac6.mcu.externaltools.arm-none.win32_1.17.0.201812190825/tools/compiler/bin/../lib/gcc/arm-none-eabi/7.3.1/../../../../arm-none-eabi/lib/thumb/v7e-m/fpv4-sp/hard/crt0.o
 .ARM.attributes
                0x00000000       0x20 c:/ac6/systemworkbench/plugins/fr.ac6.mcu.externaltools.arm-none.win32_1.17.0.201812190825/tools/compiler/bin/../lib/gcc/arm-none-eabi/7.3.1/../../../../arm-none-eabi/lib/thumb/v7e-m/fpv4-sp/hard/crt0.o
 .group         0x00000000        0xc Device_driver/drivers/LT542(c.a.).o
 .group         0x00000000        0xc Device_driver/drivers/LT542(c.a.).o
 .group         0x00000000        0xc Device_driver/drivers/LT542(c.a.).o
 .group         0x00000000        0xc Device_driver/drivers/LT542(c.a.).o
 .group         0x00000000        0xc Device_driver/drivers/LT542(c.a.).o
 .group         0x00000000        0xc Device_driver/drivers/LT542(c.a.).o
 .group         0x00000000        0xc Device_driver/drivers/LT542(c.a.).o
 .group         0x00000000        0xc Device_driver/drivers/LT542(c.a.).o
 .group         0x00000000        0xc Device_driver/drivers/LT542(c.a.).o
 .group         0x00000000        0xc Device_driver/drivers/LT542(c.a.).o
 .text          0x00000000        0x0 Device_driver/drivers/LT542(c.a.).o
 .data          0x00000000        0x0 Device_driver/drivers/LT542(c.a.).o
 .bss           0x00000000        0x0 Device_driver/drivers/LT542(c.a.).o
 .text.Led_GPIOA_Inits
                0x00000000       0x84 Device_driver/drivers/LT542(c.a.).o
 .text.Led_GPIOB_Inits
                0x00000000       0x4c Device_driver/drivers/LT542(c.a.).o
 .text.Led_display
                0x00000000      0x324 Device_driver/drivers/LT542(c.a.).o
 .debug_info    0x00000000      0x233 Device_driver/drivers/LT542(c.a.).o
 .debug_abbrev  0x00000000       0xd7 Device_driver/drivers/LT542(c.a.).o
 .debug_aranges
                0x00000000       0x30 Device_driver/drivers/LT542(c.a.).o
 .debug_ranges  0x00000000       0x20 Device_driver/drivers/LT542(c.a.).o
 .debug_macro   0x00000000       0x94 Device_driver/drivers/LT542(c.a.).o
 .debug_macro   0x00000000      0xa66 Device_driver/drivers/LT542(c.a.).o
 .debug_macro   0x00000000       0x22 Device_driver/drivers/LT542(c.a.).o
 .debug_macro   0x00000000       0x8e Device_driver/drivers/LT542(c.a.).o
 .debug_macro   0x00000000       0x51 Device_driver/drivers/LT542(c.a.).o
 .debug_macro   0x00000000       0xef Device_driver/drivers/LT542(c.a.).o
 .debug_macro   0x00000000       0x6a Device_driver/drivers/LT542(c.a.).o
 .debug_macro   0x00000000      0x1df Device_driver/drivers/LT542(c.a.).o
 .debug_macro   0x00000000      0x174 Device_driver/drivers/LT542(c.a.).o
 .debug_macro   0x00000000      0x49a Device_driver/drivers/LT542(c.a.).o
 .debug_macro   0x00000000       0xc4 Device_driver/drivers/LT542(c.a.).o
 .debug_line    0x00000000      0x407 Device_driver/drivers/LT542(c.a.).o
 .debug_str     0x00000000     0x6011 Device_driver/drivers/LT542(c.a.).o
 .comment       0x00000000       0x80 Device_driver/drivers/LT542(c.a.).o
 .debug_frame   0x00000000       0x80 Device_driver/drivers/LT542(c.a.).o
 .ARM.attributes
                0x00000000       0x39 Device_driver/drivers/LT542(c.a.).o
 .group         0x00000000        0xc Device_driver/drivers/adlx345.o
 .group         0x00000000        0xc Device_driver/drivers/adlx345.o
 .group         0x00000000        0xc Device_driver/drivers/adlx345.o
 .group         0x00000000        0xc Device_driver/drivers/adlx345.o
 .group         0x00000000        0xc Device_driver/drivers/adlx345.o
 .group         0x00000000        0xc Device_driver/drivers/adlx345.o
 .group         0x00000000        0xc Device_driver/drivers/adlx345.o
 .group         0x00000000        0xc Device_driver/drivers/adlx345.o
 .group         0x00000000        0xc Device_driver/drivers/adlx345.o
 .group         0x00000000        0xc Device_driver/drivers/adlx345.o
 .group         0x00000000        0xc Device_driver/drivers/adlx345.o
 .group         0x00000000        0xc Device_driver/drivers/adlx345.o
 .group         0x00000000        0xc Device_driver/drivers/adlx345.o
 .text          0x00000000        0x0 Device_driver/drivers/adlx345.o
 .data          0x00000000        0x0 Device_driver/drivers/adlx345.o
 .bss           0x00000000        0x0 Device_driver/drivers/adlx345.o
 .text.Gpio_I2C_Init
                0x00000000       0x60 Device_driver/drivers/adlx345.o
 .text.GPIO_Btn_Init
                0x00000000       0x38 Device_driver/drivers/adlx345.o
 .text.I2C1_Inits
                0x00000000       0x44 Device_driver/drivers/adlx345.o
 .rodata        0x00000000        0x2 Device_driver/drivers/adlx345.o
 .text.ADLX345_Config
                0x00000000       0x5c Device_driver/drivers/adlx345.o
 .text.ADLX345_GetData
                0x00000000       0xf8 Device_driver/drivers/adlx345.o
 .debug_info    0x00000000      0x493 Device_driver/drivers/adlx345.o
 .debug_abbrev  0x00000000       0xe8 Device_driver/drivers/adlx345.o
 .debug_aranges
                0x00000000       0x40 Device_driver/drivers/adlx345.o
 .debug_ranges  0x00000000       0x30 Device_driver/drivers/adlx345.o
 .debug_macro   0x00000000       0xbf Device_driver/drivers/adlx345.o
 .debug_macro   0x00000000      0xa66 Device_driver/drivers/adlx345.o
 .debug_macro   0x00000000       0x22 Device_driver/drivers/adlx345.o
 .debug_macro   0x00000000       0x8e Device_driver/drivers/adlx345.o
 .debug_macro   0x00000000       0x51 Device_driver/drivers/adlx345.o
 .debug_macro   0x00000000       0xef Device_driver/drivers/adlx345.o
 .debug_macro   0x00000000       0x6a Device_driver/drivers/adlx345.o
 .debug_macro   0x00000000      0x1df Device_driver/drivers/adlx345.o
 .debug_macro   0x00000000      0x174 Device_driver/drivers/adlx345.o
 .debug_macro   0x00000000      0x49a Device_driver/drivers/adlx345.o
 .debug_macro   0x00000000      0x181 Device_driver/drivers/adlx345.o
 .debug_macro   0x00000000       0xe8 Device_driver/drivers/adlx345.o
 .debug_macro   0x00000000       0xca Device_driver/drivers/adlx345.o
 .debug_macro   0x00000000       0xc4 Device_driver/drivers/adlx345.o
 .debug_line    0x00000000      0x3da Device_driver/drivers/adlx345.o
 .debug_str     0x00000000     0x6b45 Device_driver/drivers/adlx345.o
 .comment       0x00000000       0x80 Device_driver/drivers/adlx345.o
 .debug_frame   0x00000000       0xb4 Device_driver/drivers/adlx345.o
 .ARM.attributes
                0x00000000       0x39 Device_driver/drivers/adlx345.o
 COMMON         0x00000000       0x30 Device_driver/drivers/adlx345.o
 .group         0x00000000        0xc Device_driver/drivers/basic_timer.o
 .group         0x00000000        0xc Device_driver/drivers/basic_timer.o
 .group         0x00000000        0xc Device_driver/drivers/basic_timer.o
 .group         0x00000000        0xc Device_driver/drivers/basic_timer.o
 .group         0x00000000        0xc Device_driver/drivers/basic_timer.o
 .group         0x00000000        0xc Device_driver/drivers/basic_timer.o
 .group         0x00000000        0xc Device_driver/drivers/basic_timer.o
 .group         0x00000000        0xc Device_driver/drivers/basic_timer.o
 .group         0x00000000        0xc Device_driver/drivers/basic_timer.o
 .group         0x00000000        0xc Device_driver/drivers/basic_timer.o
 .group         0x00000000        0xc Device_driver/drivers/basic_timer.o
 .text          0x00000000        0x0 Device_driver/drivers/basic_timer.o
 .data          0x00000000        0x0 Device_driver/drivers/basic_timer.o
 .bss           0x00000000        0x0 Device_driver/drivers/basic_timer.o
 .text.BASIC_TIMER_PeriClockControl
                0x00000000       0x70 Device_driver/drivers/basic_timer.o
 .text.BASIC_TIMER_Init
                0x00000000       0xc2 Device_driver/drivers/basic_timer.o
 .text.BASIC_TIMER_DeInit
                0x00000000       0x58 Device_driver/drivers/basic_timer.o
 .text.BASIC_TIMER_GET_TIME
                0x00000000       0x4c Device_driver/drivers/basic_timer.o
 .text.BASIC_TIMER_IRQITConfig
                0x00000000      0x10c Device_driver/drivers/basic_timer.o
 .text.BASIC_TIMER_IRQPriorityConfig
                0x00000000       0x1c Device_driver/drivers/basic_timer.o
 .text.BASIC_TIMER_IRQHandling
                0x00000000       0x16 Device_driver/drivers/basic_timer.o
 .debug_info    0x00000000      0x547 Device_driver/drivers/basic_timer.o
 .debug_abbrev  0x00000000      0x11c Device_driver/drivers/basic_timer.o
 .debug_aranges
                0x00000000       0x50 Device_driver/drivers/basic_timer.o
 .debug_ranges  0x00000000       0x40 Device_driver/drivers/basic_timer.o
 .debug_macro   0x00000000       0x93 Device_driver/drivers/basic_timer.o
 .debug_macro   0x00000000      0xa66 Device_driver/drivers/basic_timer.o
 .debug_macro   0x00000000       0x22 Device_driver/drivers/basic_timer.o
 .debug_macro   0x00000000       0x8e Device_driver/drivers/basic_timer.o
 .debug_macro   0x00000000       0x51 Device_driver/drivers/basic_timer.o
 .debug_macro   0x00000000       0xef Device_driver/drivers/basic_timer.o
 .debug_macro   0x00000000       0x6a Device_driver/drivers/basic_timer.o
 .debug_macro   0x00000000      0x1df Device_driver/drivers/basic_timer.o
 .debug_macro   0x00000000      0x174 Device_driver/drivers/basic_timer.o
 .debug_macro   0x00000000      0x49a Device_driver/drivers/basic_timer.o
 .debug_macro   0x00000000       0xa0 Device_driver/drivers/basic_timer.o
 .debug_macro   0x00000000       0xf4 Device_driver/drivers/basic_timer.o
 .debug_line    0x00000000      0x41f Device_driver/drivers/basic_timer.o
 .debug_str     0x00000000     0x6581 Device_driver/drivers/basic_timer.o
 .comment       0x00000000       0x80 Device_driver/drivers/basic_timer.o
 .debug_frame   0x00000000      0x134 Device_driver/drivers/basic_timer.o
 .ARM.attributes
                0x00000000       0x39 Device_driver/drivers/basic_timer.o
 .group         0x00000000        0xc Device_driver/drivers/dma.o
 .group         0x00000000        0xc Device_driver/drivers/dma.o
 .group         0x00000000        0xc Device_driver/drivers/dma.o
 .group         0x00000000        0xc Device_driver/drivers/dma.o
 .group         0x00000000        0xc Device_driver/drivers/dma.o
 .group         0x00000000        0xc Device_driver/drivers/dma.o
 .group         0x00000000        0xc Device_driver/drivers/dma.o
 .group         0x00000000        0xc Device_driver/drivers/dma.o
 .group         0x00000000        0xc Device_driver/drivers/dma.o
 .group         0x00000000        0xc Device_driver/drivers/dma.o
 .text          0x00000000        0x0 Device_driver/drivers/dma.o
 .data          0x00000000        0x0 Device_driver/drivers/dma.o
 .bss           0x00000000        0x0 Device_driver/drivers/dma.o
 .text.DMA_Enable_PeripheralClk
                0x00000000       0x4c Device_driver/drivers/dma.o
 .text.DMA_Disbale_PeripheralClk
                0x00000000       0x4c Device_driver/drivers/dma.o
 .text.DMA_Register_Reset
                0x00000000       0x64 Device_driver/drivers/dma.o
 .text.DMA_Config_ForTransfer
                0x00000000       0x18 Device_driver/drivers/dma.o
 .text.DMA_Get_FIFOStatus
                0x00000000       0x16 Device_driver/drivers/dma.o
 .text.DMA_Config_Interrupt
                0x00000000       0x1a Device_driver/drivers/dma.o
 .debug_info    0x00000000      0x7ba Device_driver/drivers/dma.o
 .debug_abbrev  0x00000000       0xf3 Device_driver/drivers/dma.o
 .debug_aranges
                0x00000000       0x48 Device_driver/drivers/dma.o
 .debug_ranges  0x00000000       0x38 Device_driver/drivers/dma.o
 .debug_macro   0x00000000       0x8a Device_driver/drivers/dma.o
 .debug_macro   0x00000000      0xa66 Device_driver/drivers/dma.o
 .debug_macro   0x00000000       0x22 Device_driver/drivers/dma.o
 .debug_macro   0x00000000       0x8e Device_driver/drivers/dma.o
 .debug_macro   0x00000000       0x51 Device_driver/drivers/dma.o
 .debug_macro   0x00000000       0xef Device_driver/drivers/dma.o
 .debug_macro   0x00000000       0x6a Device_driver/drivers/dma.o
 .debug_macro   0x00000000      0x1df Device_driver/drivers/dma.o
 .debug_macro   0x00000000      0x174 Device_driver/drivers/dma.o
 .debug_macro   0x00000000      0x49a Device_driver/drivers/dma.o
 .debug_macro   0x00000000      0x250 Device_driver/drivers/dma.o
 .debug_line    0x00000000      0x39e Device_driver/drivers/dma.o
 .debug_str     0x00000000     0x6b28 Device_driver/drivers/dma.o
 .comment       0x00000000       0x80 Device_driver/drivers/dma.o
 .debug_frame   0x00000000      0x100 Device_driver/drivers/dma.o
 .ARM.attributes
                0x00000000       0x39 Device_driver/drivers/dma.o
 .group         0x00000000        0xc Device_driver/drivers/gpio.o
 .group         0x00000000        0xc Device_driver/drivers/gpio.o
 .group         0x00000000        0xc Device_driver/drivers/gpio.o
 .group         0x00000000        0xc Device_driver/drivers/gpio.o
 .group         0x00000000        0xc Device_driver/drivers/gpio.o
 .group         0x00000000        0xc Device_driver/drivers/gpio.o
 .group         0x00000000        0xc Device_driver/drivers/gpio.o
 .group         0x00000000        0xc Device_driver/drivers/gpio.o
 .group         0x00000000        0xc Device_driver/drivers/gpio.o
 .group         0x00000000        0xc Device_driver/drivers/gpio.o
 .text          0x00000000        0x0 Device_driver/drivers/gpio.o
 .data          0x00000000        0x0 Device_driver/drivers/gpio.o
 .bss           0x00000000        0x0 Device_driver/drivers/gpio.o
 .text.GPIO_Init
                0x00000000      0x156 Device_driver/drivers/gpio.o
 .text.GPIO_DeInit
                0x00000000      0x190 Device_driver/drivers/gpio.o
 .text.GPIO_PeriClockControl
                0x00000000      0x1fc Device_driver/drivers/gpio.o
 .text.GPIO_ReadFromInputPin
                0x00000000       0x2c Device_driver/drivers/gpio.o
 .text.GPIO_ReadFromInputPort
                0x00000000       0x1c Device_driver/drivers/gpio.o
 .text.GPIO_WriteToOutput_Pin
                0x00000000       0x4a Device_driver/drivers/gpio.o
 .text.GPIO_WriteToOutput_Port
                0x00000000       0x1e Device_driver/drivers/gpio.o
 .text.GPIO_ToggleOutputPin
                0x00000000       0x2a Device_driver/drivers/gpio.o
 .text.GPIO_IRQITConfig
                0x00000000      0x10c Device_driver/drivers/gpio.o
 .text.GPIO_IRQPriorityConfig
                0x00000000       0x5c Device_driver/drivers/gpio.o
 .text.GPIO_IRQHandling
                0x00000000       0x40 Device_driver/drivers/gpio.o
 .debug_info    0x00000000      0x65e Device_driver/drivers/gpio.o
 .debug_abbrev  0x00000000      0x16c Device_driver/drivers/gpio.o
 .debug_aranges
                0x00000000       0x70 Device_driver/drivers/gpio.o
 .debug_ranges  0x00000000       0x60 Device_driver/drivers/gpio.o
 .debug_macro   0x00000000       0x9e Device_driver/drivers/gpio.o
 .debug_macro   0x00000000      0xa66 Device_driver/drivers/gpio.o
 .debug_macro   0x00000000       0x22 Device_driver/drivers/gpio.o
 .debug_macro   0x00000000       0x8e Device_driver/drivers/gpio.o
 .debug_macro   0x00000000       0x51 Device_driver/drivers/gpio.o
 .debug_macro   0x00000000       0xef Device_driver/drivers/gpio.o
 .debug_macro   0x00000000       0x6a Device_driver/drivers/gpio.o
 .debug_macro   0x00000000      0x1df Device_driver/drivers/gpio.o
 .debug_macro   0x00000000      0x174 Device_driver/drivers/gpio.o
 .debug_macro   0x00000000      0x49a Device_driver/drivers/gpio.o
 .debug_macro   0x00000000       0xc4 Device_driver/drivers/gpio.o
 .debug_line    0x00000000      0x50a Device_driver/drivers/gpio.o
 .debug_str     0x00000000     0x6247 Device_driver/drivers/gpio.o
 .comment       0x00000000       0x80 Device_driver/drivers/gpio.o
 .debug_frame   0x00000000      0x1c8 Device_driver/drivers/gpio.o
 .ARM.attributes
                0x00000000       0x39 Device_driver/drivers/gpio.o
 .group         0x00000000        0xc Device_driver/drivers/i2c.o
 .group         0x00000000        0xc Device_driver/drivers/i2c.o
 .group         0x00000000        0xc Device_driver/drivers/i2c.o
 .group         0x00000000        0xc Device_driver/drivers/i2c.o
 .group         0x00000000        0xc Device_driver/drivers/i2c.o
 .group         0x00000000        0xc Device_driver/drivers/i2c.o
 .group         0x00000000        0xc Device_driver/drivers/i2c.o
 .group         0x00000000        0xc Device_driver/drivers/i2c.o
 .group         0x00000000        0xc Device_driver/drivers/i2c.o
 .group         0x00000000        0xc Device_driver/drivers/i2c.o
 .group         0x00000000        0xc Device_driver/drivers/i2c.o
 .text          0x00000000        0x0 Device_driver/drivers/i2c.o
 .data          0x00000000        0x0 Device_driver/drivers/i2c.o
 .bss           0x00000000        0x0 Device_driver/drivers/i2c.o
 .text.I2C_PeriClockControl
                0x00000000       0xa0 Device_driver/drivers/i2c.o
 .text.I2C_Peripheral_EnorDi
                0x00000000       0xa0 Device_driver/drivers/i2c.o
 .text.I2C_Init
                0x00000000      0x1d8 Device_driver/drivers/i2c.o
 .text.I2C_DeInit
                0x00000000       0x7c Device_driver/drivers/i2c.o
 .text.I2C_Master_SendData
                0x00000000       0xc0 Device_driver/drivers/i2c.o
 .text.I2C_Master_ReceiveData
                0x00000000      0x11e Device_driver/drivers/i2c.o
 .text.I2C_Slave_SendData
                0x00000000       0x5e Device_driver/drivers/i2c.o
 .text.I2C_Slave_ReceiveData
                0x00000000       0x5c Device_driver/drivers/i2c.o
 .text.I2C_Master_SendDataIT
                0x00000000       0x8e Device_driver/drivers/i2c.o
 .text.I2C_Master_ReceiveDataIT
                0x00000000       0x94 Device_driver/drivers/i2c.o
 .text.I2C_IRQInterruptConfig
                0x00000000       0x1c Device_driver/drivers/i2c.o
 .text.I2C_IRQPriorityConfig
                0x00000000       0x1c Device_driver/drivers/i2c.o
 .text.I2C_EVENT_IRQHandling
                0x00000000      0x25a Device_driver/drivers/i2c.o
 .text.I2C_ERROR_IRQHandling
                0x00000000      0x10c Device_driver/drivers/i2c.o
 .text.I2C_Generate_start
                0x00000000       0x2e Device_driver/drivers/i2c.o
 .text.I2C_Generate_stop
                0x00000000       0x20 Device_driver/drivers/i2c.o
 .text.I2C_GetFlagStatus
                0x00000000       0x3a Device_driver/drivers/i2c.o
 .text.I2C_Execute_ADDR_Phase
                0x00000000       0x56 Device_driver/drivers/i2c.o
 .text.I2C_Clear_ADDR_Flag
                0x00000000       0xa0 Device_driver/drivers/i2c.o
 .text.I2C_Clear_OVR_Flag
                0x00000000       0x14 Device_driver/drivers/i2c.o
 .text.I2C_Close_Trans
                0x00000000       0x60 Device_driver/drivers/i2c.o
 .text.I2C_Close_Rep
                0x00000000       0x66 Device_driver/drivers/i2c.o
 .text.I2C_ApplicationEventCallback
                0x00000000       0x18 Device_driver/drivers/i2c.o
 .debug_info    0x00000000      0x974 Device_driver/drivers/i2c.o
 .debug_abbrev  0x00000000      0x1f4 Device_driver/drivers/i2c.o
 .debug_aranges
                0x00000000       0xd0 Device_driver/drivers/i2c.o
 .debug_ranges  0x00000000       0xc0 Device_driver/drivers/i2c.o
 .debug_macro   0x00000000       0x97 Device_driver/drivers/i2c.o
 .debug_macro   0x00000000      0xa66 Device_driver/drivers/i2c.o
 .debug_macro   0x00000000       0x22 Device_driver/drivers/i2c.o
 .debug_macro   0x00000000       0x8e Device_driver/drivers/i2c.o
 .debug_macro   0x00000000       0x51 Device_driver/drivers/i2c.o
 .debug_macro   0x00000000       0xef Device_driver/drivers/i2c.o
 .debug_macro   0x00000000       0x6a Device_driver/drivers/i2c.o
 .debug_macro   0x00000000      0x1df Device_driver/drivers/i2c.o
 .debug_macro   0x00000000      0x174 Device_driver/drivers/i2c.o
 .debug_macro   0x00000000      0x49a Device_driver/drivers/i2c.o
 .debug_macro   0x00000000      0x17b Device_driver/drivers/i2c.o
 .debug_macro   0x00000000       0xf4 Device_driver/drivers/i2c.o
 .debug_line    0x00000000      0x6e2 Device_driver/drivers/i2c.o
 .debug_str     0x00000000     0x6798 Device_driver/drivers/i2c.o
 .comment       0x00000000       0x80 Device_driver/drivers/i2c.o
 .debug_frame   0x00000000      0x388 Device_driver/drivers/i2c.o
 .ARM.attributes
                0x00000000       0x39 Device_driver/drivers/i2c.o
 .group         0x00000000        0xc Device_driver/drivers/random_no_gen.o
 .group         0x00000000        0xc Device_driver/drivers/random_no_gen.o
 .group         0x00000000        0xc Device_driver/drivers/random_no_gen.o
 .group         0x00000000        0xc Device_driver/drivers/random_no_gen.o
 .group         0x00000000        0xc Device_driver/drivers/random_no_gen.o
 .group         0x00000000        0xc Device_driver/drivers/random_no_gen.o
 .group         0x00000000        0xc Device_driver/drivers/random_no_gen.o
 .group         0x00000000        0xc Device_driver/drivers/random_no_gen.o
 .group         0x00000000        0xc Device_driver/drivers/random_no_gen.o
 .group         0x00000000        0xc Device_driver/drivers/random_no_gen.o
 .group         0x00000000        0xc Device_driver/drivers/random_no_gen.o
 .text          0x00000000        0x0 Device_driver/drivers/random_no_gen.o
 .data          0x00000000        0x0 Device_driver/drivers/random_no_gen.o
 .bss           0x00000000        0x0 Device_driver/drivers/random_no_gen.o
 .text.RNG_PCLK_ENorDI
                0x00000000       0x3c Device_driver/drivers/random_no_gen.o
 .text.RNG_ENorDI
                0x00000000       0x38 Device_driver/drivers/random_no_gen.o
 .text.RNG_INIT
                0x00000000       0x3e Device_driver/drivers/random_no_gen.o
 .text.RND_DEINIT
                0x00000000       0x2c Device_driver/drivers/random_no_gen.o
 .text.GET_RNG_NO
                0x00000000       0x2e Device_driver/drivers/random_no_gen.o
 .text.CHECK_RNG_NO
                0x00000000       0x3c Device_driver/drivers/random_no_gen.o
 .text.RNG_IRQITConfig
                0x00000000      0x10c Device_driver/drivers/random_no_gen.o
 .text.RNG_IRQPriorityConfig
                0x00000000       0x1c Device_driver/drivers/random_no_gen.o
 .text.RNG_IRQHandling
                0x00000000       0x8a Device_driver/drivers/random_no_gen.o
 .text.RNG_GetFlagStatus
                0x00000000       0x30 Device_driver/drivers/random_no_gen.o
 .debug_info    0x00000000      0x4bc Device_driver/drivers/random_no_gen.o
 .debug_abbrev  0x00000000      0x16c Device_driver/drivers/random_no_gen.o
 .debug_aranges
                0x00000000       0x68 Device_driver/drivers/random_no_gen.o
 .debug_ranges  0x00000000       0x58 Device_driver/drivers/random_no_gen.o
 .debug_macro   0x00000000       0x93 Device_driver/drivers/random_no_gen.o
 .debug_macro   0x00000000      0xa66 Device_driver/drivers/random_no_gen.o
 .debug_macro   0x00000000       0x22 Device_driver/drivers/random_no_gen.o
 .debug_macro   0x00000000       0x8e Device_driver/drivers/random_no_gen.o
 .debug_macro   0x00000000       0x51 Device_driver/drivers/random_no_gen.o
 .debug_macro   0x00000000       0xef Device_driver/drivers/random_no_gen.o
 .debug_macro   0x00000000       0x6a Device_driver/drivers/random_no_gen.o
 .debug_macro   0x00000000      0x1df Device_driver/drivers/random_no_gen.o
 .debug_macro   0x00000000      0x174 Device_driver/drivers/random_no_gen.o
 .debug_macro   0x00000000      0x49a Device_driver/drivers/random_no_gen.o
 .debug_macro   0x00000000       0x3a Device_driver/drivers/random_no_gen.o
 .debug_macro   0x00000000       0xf4 Device_driver/drivers/random_no_gen.o
 .debug_line    0x00000000      0x469 Device_driver/drivers/random_no_gen.o
 .debug_str     0x00000000     0x6260 Device_driver/drivers/random_no_gen.o
 .comment       0x00000000       0x80 Device_driver/drivers/random_no_gen.o
 .debug_frame   0x00000000      0x18c Device_driver/drivers/random_no_gen.o
 .ARM.attributes
                0x00000000       0x39 Device_driver/drivers/random_no_gen.o
 .group         0x00000000        0xc Device_driver/drivers/rcc.o
 .group         0x00000000        0xc Device_driver/drivers/rcc.o
 .group         0x00000000        0xc Device_driver/drivers/rcc.o
 .group         0x00000000        0xc Device_driver/drivers/rcc.o
 .group         0x00000000        0xc Device_driver/drivers/rcc.o
 .group         0x00000000        0xc Device_driver/drivers/rcc.o
 .group         0x00000000        0xc Device_driver/drivers/rcc.o
 .group         0x00000000        0xc Device_driver/drivers/rcc.o
 .group         0x00000000        0xc Device_driver/drivers/rcc.o
 .group         0x00000000        0xc Device_driver/drivers/rcc.o
 .text          0x00000000        0x0 Device_driver/drivers/rcc.o
 .data          0x00000000       0x40 Device_driver/drivers/rcc.o
 .bss           0x00000000        0x0 Device_driver/drivers/rcc.o
 .text.RCC_PLL  0x00000000       0x10 Device_driver/drivers/rcc.o
 .text.RCC_PCLK1_VALUE
                0x00000000       0xc8 Device_driver/drivers/rcc.o
 .text.RCC_PCLK2_VALUE
                0x00000000       0xc8 Device_driver/drivers/rcc.o
 .text.RCC_PLL_Config
                0x00000000       0x88 Device_driver/drivers/rcc.o
 .debug_info    0x00000000      0x395 Device_driver/drivers/rcc.o
 .debug_abbrev  0x00000000      0x117 Device_driver/drivers/rcc.o
 .debug_aranges
                0x00000000       0x38 Device_driver/drivers/rcc.o
 .debug_ranges  0x00000000       0x28 Device_driver/drivers/rcc.o
 .debug_macro   0x00000000       0x8e Device_driver/drivers/rcc.o
 .debug_macro   0x00000000      0xa66 Device_driver/drivers/rcc.o
 .debug_macro   0x00000000       0x22 Device_driver/drivers/rcc.o
 .debug_macro   0x00000000       0x8e Device_driver/drivers/rcc.o
 .debug_macro   0x00000000       0x51 Device_driver/drivers/rcc.o
 .debug_macro   0x00000000       0xef Device_driver/drivers/rcc.o
 .debug_macro   0x00000000       0x6a Device_driver/drivers/rcc.o
 .debug_macro   0x00000000      0x1df Device_driver/drivers/rcc.o
 .debug_macro   0x00000000      0x174 Device_driver/drivers/rcc.o
 .debug_macro   0x00000000      0x49a Device_driver/drivers/rcc.o
 .debug_macro   0x00000000       0xee Device_driver/drivers/rcc.o
 .debug_line    0x00000000      0x3a4 Device_driver/drivers/rcc.o
 .debug_str     0x00000000     0x6128 Device_driver/drivers/rcc.o
 .comment       0x00000000       0x80 Device_driver/drivers/rcc.o
 .debug_frame   0x00000000       0x98 Device_driver/drivers/rcc.o
 .ARM.attributes
                0x00000000       0x39 Device_driver/drivers/rcc.o
 .group         0x00000000        0xc Device_driver/drivers/spi.o
 .group         0x00000000        0xc Device_driver/drivers/spi.o
 .group         0x00000000        0xc Device_driver/drivers/spi.o
 .group         0x00000000        0xc Device_driver/drivers/spi.o
 .group         0x00000000        0xc Device_driver/drivers/spi.o
 .group         0x00000000        0xc Device_driver/drivers/spi.o
 .group         0x00000000        0xc Device_driver/drivers/spi.o
 .group         0x00000000        0xc Device_driver/drivers/spi.o
 .group         0x00000000        0xc Device_driver/drivers/spi.o
 .group         0x00000000        0xc Device_driver/drivers/spi.o
 .text          0x00000000        0x0 Device_driver/drivers/spi.o
 .data          0x00000000        0x0 Device_driver/drivers/spi.o
 .bss           0x00000000        0x0 Device_driver/drivers/spi.o
 .text.SPI_TXNE_Handler
                0x00000000       0x6e Device_driver/drivers/spi.o
 .text.SPI_RXNE_Handler
                0x00000000       0x72 Device_driver/drivers/spi.o
 .text.SPI_OVR_Handler
                0x00000000       0x3c Device_driver/drivers/spi.o
 .text.SPI_PeriClockControl
                0x00000000       0x98 Device_driver/drivers/spi.o
 .text.SPI_Peripheral_EnorDi
                0x00000000       0x38 Device_driver/drivers/spi.o
 .text.SPI_Init
                0x00000000       0xb4 Device_driver/drivers/spi.o
 .text.SPI_DeInit
                0x00000000       0x84 Device_driver/drivers/spi.o
 .text.SPI_Send_Data
                0x00000000       0x6a Device_driver/drivers/spi.o
 .text.SPI_Recive_Data
                0x00000000       0x6a Device_driver/drivers/spi.o
 .text.SPI_IRQInterruptConfig
                0x00000000      0x10c Device_driver/drivers/spi.o
 .text.SPI_IRQPriorityConfig
                0x00000000       0x5c Device_driver/drivers/spi.o
 .text.SPI_IRQHandling
                0x00000000       0xda Device_driver/drivers/spi.o
 .text.SPI_SSIConfig
                0x00000000       0x38 Device_driver/drivers/spi.o
 .text.SPI_SSMConfig
                0x00000000       0x38 Device_driver/drivers/spi.o
 .text.SPI_SSOEConfig
                0x00000000       0x38 Device_driver/drivers/spi.o
 .text.SPI_GetFlagStatus
                0x00000000       0x28 Device_driver/drivers/spi.o
 .text.SPI_Clear_OVR_Flag
                0x00000000       0x20 Device_driver/drivers/spi.o
 .text.SPI_Close_Trans
                0x00000000       0x36 Device_driver/drivers/spi.o
 .text.SPI_Close_Rep
                0x00000000       0x36 Device_driver/drivers/spi.o
 .text.SPI_AppilicationEventCallBack
                0x00000000       0x18 Device_driver/drivers/spi.o
 .debug_info    0x00000000      0x7ed Device_driver/drivers/spi.o
 .debug_abbrev  0x00000000      0x199 Device_driver/drivers/spi.o
 .debug_aranges
                0x00000000       0xb8 Device_driver/drivers/spi.o
 .debug_ranges  0x00000000       0xa8 Device_driver/drivers/spi.o
 .debug_macro   0x00000000       0x98 Device_driver/drivers/spi.o
 .debug_macro   0x00000000      0xa66 Device_driver/drivers/spi.o
 .debug_macro   0x00000000       0x22 Device_driver/drivers/spi.o
 .debug_macro   0x00000000       0x8e Device_driver/drivers/spi.o
 .debug_macro   0x00000000       0x51 Device_driver/drivers/spi.o
 .debug_macro   0x00000000       0xef Device_driver/drivers/spi.o
 .debug_macro   0x00000000       0x6a Device_driver/drivers/spi.o
 .debug_macro   0x00000000      0x1df Device_driver/drivers/spi.o
 .debug_macro   0x00000000      0x174 Device_driver/drivers/spi.o
 .debug_macro   0x00000000      0x49a Device_driver/drivers/spi.o
 .debug_macro   0x00000000       0xe2 Device_driver/drivers/spi.o
 .debug_line    0x00000000      0x56a Device_driver/drivers/spi.o
 .debug_str     0x00000000     0x6386 Device_driver/drivers/spi.o
 .comment       0x00000000       0x80 Device_driver/drivers/spi.o
 .debug_frame   0x00000000      0x334 Device_driver/drivers/spi.o
 .ARM.attributes
                0x00000000       0x39 Device_driver/drivers/spi.o
 .group         0x00000000        0xc Device_driver/drivers/usart.o
 .group         0x00000000        0xc Device_driver/drivers/usart.o
 .group         0x00000000        0xc Device_driver/drivers/usart.o
 .group         0x00000000        0xc Device_driver/drivers/usart.o
 .group         0x00000000        0xc Device_driver/drivers/usart.o
 .group         0x00000000        0xc Device_driver/drivers/usart.o
 .group         0x00000000        0xc Device_driver/drivers/usart.o
 .group         0x00000000        0xc Device_driver/drivers/usart.o
 .group         0x00000000        0xc Device_driver/drivers/usart.o
 .group         0x00000000        0xc Device_driver/drivers/usart.o
 .group         0x00000000        0xc Device_driver/drivers/usart.o
 .text          0x00000000        0x0 Device_driver/drivers/usart.o
 .data          0x00000000        0x0 Device_driver/drivers/usart.o
 .bss           0x00000000        0x0 Device_driver/drivers/usart.o
 .text.USART_PeriClockControl
                0x00000000      0x124 Device_driver/drivers/usart.o
 .text.USART_Peripheral_EnorDi
                0x00000000      0x124 Device_driver/drivers/usart.o
 .text.USART_Set_Baud_Rate
                0x00000000       0xf4 Device_driver/drivers/usart.o
 .text.USART_Init
                0x00000000      0x108 Device_driver/drivers/usart.o
 .text.USART_DeInit
                0x00000000       0xf0 Device_driver/drivers/usart.o
 .text.USART_Send_Data
                0x00000000       0x86 Device_driver/drivers/usart.o
 .text.USART_Receive_Data
                0x00000000       0xa2 Device_driver/drivers/usart.o
 .text.USART_Send_DataIT
                0x00000000       0x5c Device_driver/drivers/usart.o
 .text.USART_Receive_DataIT
                0x00000000       0x4c Device_driver/drivers/usart.o
 .text.USART_IRQInterruptConfig
                0x00000000       0x1c Device_driver/drivers/usart.o
 .text.USART_IRQPriorityConfig
                0x00000000       0x1c Device_driver/drivers/usart.o
 .text.USART_IRQHandling
                0x00000000      0x318 Device_driver/drivers/usart.o
 .text.USART_GetFlagStatus
                0x00000000       0x34 Device_driver/drivers/usart.o
 .text.USART_AppilicationEventCallBack
                0x00000000       0x18 Device_driver/drivers/usart.o
 .debug_info    0x00000000      0x772 Device_driver/drivers/usart.o
 .debug_abbrev  0x00000000      0x1b1 Device_driver/drivers/usart.o
 .debug_aranges
                0x00000000       0x88 Device_driver/drivers/usart.o
 .debug_ranges  0x00000000       0x78 Device_driver/drivers/usart.o
 .debug_macro   0x00000000       0x97 Device_driver/drivers/usart.o
 .debug_macro   0x00000000      0xa66 Device_driver/drivers/usart.o
 .debug_macro   0x00000000       0x22 Device_driver/drivers/usart.o
 .debug_macro   0x00000000       0x8e Device_driver/drivers/usart.o
 .debug_macro   0x00000000       0x51 Device_driver/drivers/usart.o
 .debug_macro   0x00000000       0xef Device_driver/drivers/usart.o
 .debug_macro   0x00000000       0x6a Device_driver/drivers/usart.o
 .debug_macro   0x00000000      0x1df Device_driver/drivers/usart.o
 .debug_macro   0x00000000      0x174 Device_driver/drivers/usart.o
 .debug_macro   0x00000000      0x49a Device_driver/drivers/usart.o
 .debug_macro   0x00000000      0x21e Device_driver/drivers/usart.o
 .debug_macro   0x00000000       0xf4 Device_driver/drivers/usart.o
 .debug_line    0x00000000      0x5d8 Device_driver/drivers/usart.o
 .debug_str     0x00000000     0x697d Device_driver/drivers/usart.o
 .comment       0x00000000       0x80 Device_driver/drivers/usart.o
 .debug_frame   0x00000000      0x230 Device_driver/drivers/usart.o
 .ARM.attributes
                0x00000000       0x39 Device_driver/drivers/usart.o
 .group         0x00000000        0xc src/i2c_adxl345.o
 .group         0x00000000        0xc src/i2c_adxl345.o
 .group         0x00000000        0xc src/i2c_adxl345.o
 .group         0x00000000        0xc src/i2c_adxl345.o
 .group         0x00000000        0xc src/i2c_adxl345.o
 .group         0x00000000        0xc src/i2c_adxl345.o
 .group         0x00000000        0xc src/i2c_adxl345.o
 .group         0x00000000        0xc src/i2c_adxl345.o
 .group         0x00000000        0xc src/i2c_adxl345.o
 .group         0x00000000        0xc src/i2c_adxl345.o
 .group         0x00000000        0xc src/i2c_adxl345.o
 .group         0x00000000        0xc src/i2c_adxl345.o
 .group         0x00000000        0xc src/i2c_adxl345.o
 .group         0x00000000        0xc src/i2c_adxl345.o
 .group         0x00000000        0xc src/i2c_adxl345.o
 .group         0x00000000        0xc src/i2c_adxl345.o
 .group         0x00000000        0xc src/i2c_adxl345.o
 .group         0x00000000        0xc src/i2c_adxl345.o
 .group         0x00000000        0xc src/i2c_adxl345.o
 .group         0x00000000        0xc src/i2c_adxl345.o
 .group         0x00000000        0xc src/i2c_adxl345.o
 .group         0x00000000        0xc src/i2c_adxl345.o
 .group         0x00000000        0xc src/i2c_adxl345.o
 .text          0x00000000        0x0 src/i2c_adxl345.o
 .data          0x00000000        0x0 src/i2c_adxl345.o
 .bss           0x00000000        0x0 src/i2c_adxl345.o
 .debug_macro   0x00000000      0xa66 src/i2c_adxl345.o
 .debug_macro   0x00000000       0x22 src/i2c_adxl345.o
 .debug_macro   0x00000000       0x8e src/i2c_adxl345.o
 .debug_macro   0x00000000       0x51 src/i2c_adxl345.o
 .debug_macro   0x00000000       0xef src/i2c_adxl345.o
 .debug_macro   0x00000000       0x6a src/i2c_adxl345.o
 .debug_macro   0x00000000      0x1df src/i2c_adxl345.o
 .debug_macro   0x00000000      0x174 src/i2c_adxl345.o
 .debug_macro   0x00000000      0x49a src/i2c_adxl345.o
 .debug_macro   0x00000000      0x17b src/i2c_adxl345.o
 .debug_macro   0x00000000       0xca src/i2c_adxl345.o
 .text          0x00000000       0x14 startup/startup_stm32.o
 .data          0x00000000        0x0 startup/startup_stm32.o
 .bss           0x00000000        0x0 startup/startup_stm32.o
 .group         0x00000000        0xc startup/sysmem.o
 .group         0x00000000        0xc startup/sysmem.o
 .group         0x00000000        0xc startup/sysmem.o
 .group         0x00000000        0xc startup/sysmem.o
 .group         0x00000000        0xc startup/sysmem.o
 .group         0x00000000        0xc startup/sysmem.o
 .group         0x00000000        0xc startup/sysmem.o
 .group         0x00000000        0xc startup/sysmem.o
 .group         0x00000000        0xc startup/sysmem.o
 .group         0x00000000        0xc startup/sysmem.o
 .group         0x00000000        0xc startup/sysmem.o
 .group         0x00000000        0xc startup/sysmem.o
 .group         0x00000000        0xc startup/sysmem.o
 .group         0x00000000        0xc startup/sysmem.o
 .group         0x00000000        0xc startup/sysmem.o
 .group         0x00000000        0xc startup/sysmem.o
 .group         0x00000000        0xc startup/sysmem.o
 .group         0x00000000        0xc startup/sysmem.o
 .group         0x00000000        0xc startup/sysmem.o
 .group         0x00000000        0xc startup/sysmem.o
 .group         0x00000000        0xc startup/sysmem.o
 .group         0x00000000        0xc startup/sysmem.o
 .group         0x00000000        0xc startup/sysmem.o
 .group         0x00000000        0xc startup/sysmem.o
 .group         0x00000000        0xc startup/sysmem.o
 .group         0x00000000        0xc startup/sysmem.o
 .group         0x00000000        0xc startup/sysmem.o
 .group         0x00000000        0xc startup/sysmem.o
 .group         0x00000000        0xc startup/sysmem.o
 .group         0x00000000        0xc startup/sysmem.o
 .group         0x00000000        0xc startup/sysmem.o
 .group         0x00000000        0xc startup/sysmem.o
 .text          0x00000000        0x0 startup/sysmem.o
 .data          0x00000000        0x0 startup/sysmem.o
 .bss           0x00000000        0x4 startup/sysmem.o
 .text._sbrk    0x00000000       0x58 startup/sysmem.o
 .debug_info    0x00000000      0x92c startup/sysmem.o
 .debug_abbrev  0x00000000      0x1f1 startup/sysmem.o
 .debug_aranges
                0x00000000       0x20 startup/sysmem.o
 .debug_ranges  0x00000000       0x10 startup/sysmem.o
 .debug_macro   0x00000000      0x1ae startup/sysmem.o
 .debug_macro   0x00000000      0xa66 startup/sysmem.o
 .debug_macro   0x00000000       0x10 startup/sysmem.o
 .debug_macro   0x00000000       0x22 startup/sysmem.o
 .debug_macro   0x00000000       0x58 startup/sysmem.o
 .debug_macro   0x00000000       0x18 startup/sysmem.o
 .debug_macro   0x00000000       0x94 startup/sysmem.o
 .debug_macro   0x00000000       0x35 startup/sysmem.o
 .debug_macro   0x00000000       0x34 startup/sysmem.o
 .debug_macro   0x00000000      0x174 startup/sysmem.o
 .debug_macro   0x00000000       0x57 startup/sysmem.o
 .debug_macro   0x00000000       0x58 startup/sysmem.o
 .debug_macro   0x00000000       0x1f startup/sysmem.o
 .debug_macro   0x00000000       0x43 startup/sysmem.o
 .debug_macro   0x00000000       0x20 startup/sysmem.o
 .debug_macro   0x00000000      0x18e startup/sysmem.o
 .debug_macro   0x00000000      0x23b startup/sysmem.o
 .debug_macro   0x00000000       0x16 startup/sysmem.o
 .debug_macro   0x00000000       0x35 startup/sysmem.o
 .debug_macro   0x00000000      0x330 startup/sysmem.o
 .debug_macro   0x00000000       0x10 startup/sysmem.o
 .debug_macro   0x00000000       0x10 startup/sysmem.o
 .debug_macro   0x00000000       0x6a startup/sysmem.o
 .debug_macro   0x00000000       0x1c startup/sysmem.o
 .debug_macro   0x00000000       0x52 startup/sysmem.o
 .debug_macro   0x00000000       0x40 startup/sysmem.o
 .debug_macro   0x00000000       0x10 startup/sysmem.o
 .debug_macro   0x00000000       0x40 startup/sysmem.o
 .debug_macro   0x00000000       0xd7 startup/sysmem.o
 .debug_macro   0x00000000       0x1c startup/sysmem.o
 .debug_macro   0x00000000       0x3d startup/sysmem.o
 .debug_macro   0x00000000       0x16 startup/sysmem.o
 .debug_macro   0x00000000      0x16f startup/sysmem.o
 .debug_line    0x00000000      0x3e6 startup/sysmem.o
 .debug_str     0x00000000     0x77be startup/sysmem.o
 .comment       0x00000000       0x80 startup/sysmem.o
 .debug_frame   0x00000000       0x34 startup/sysmem.o
 .ARM.attributes
                0x00000000       0x39 startup/sysmem.o
 .text          0x00000000        0x0 c:/ac6/systemworkbench/plugins/fr.ac6.mcu.externaltools.arm-none.win32_1.17.0.201812190825/tools/compiler/bin/../lib/gcc/arm-none-eabi/7.3.1/../../../../arm-none-eabi/lib/thumb/v7e-m/fpv4-sp/hard\libc.a(lib_a-errno.o)
 .data          0x00000000        0x0 c:/ac6/systemworkbench/plugins/fr.ac6.mcu.externaltools.arm-none.win32_1.17.0.201812190825/tools/compiler/bin/../lib/gcc/arm-none-eabi/7.3.1/../../../../arm-none-eabi/lib/thumb/v7e-m/fpv4-sp/hard\libc.a(lib_a-errno.o)
 .bss           0x00000000        0x0 c:/ac6/systemworkbench/plugins/fr.ac6.mcu.externaltools.arm-none.win32_1.17.0.201812190825/tools/compiler/bin/../lib/gcc/arm-none-eabi/7.3.1/../../../../arm-none-eabi/lib/thumb/v7e-m/fpv4-sp/hard\libc.a(lib_a-errno.o)
 .text.__errno  0x00000000        0xc c:/ac6/systemworkbench/plugins/fr.ac6.mcu.externaltools.arm-none.win32_1.17.0.201812190825/tools/compiler/bin/../lib/gcc/arm-none-eabi/7.3.1/../../../../arm-none-eabi/lib/thumb/v7e-m/fpv4-sp/hard\libc.a(lib_a-errno.o)
 .debug_frame   0x00000000       0x20 c:/ac6/systemworkbench/plugins/fr.ac6.mcu.externaltools.arm-none.win32_1.17.0.201812190825/tools/compiler/bin/../lib/gcc/arm-none-eabi/7.3.1/../../../../arm-none-eabi/lib/thumb/v7e-m/fpv4-sp/hard\libc.a(lib_a-errno.o)
 .ARM.attributes
                0x00000000       0x34 c:/ac6/systemworkbench/plugins/fr.ac6.mcu.externaltools.arm-none.win32_1.17.0.201812190825/tools/compiler/bin/../lib/gcc/arm-none-eabi/7.3.1/../../../../arm-none-eabi/lib/thumb/v7e-m/fpv4-sp/hard\libc.a(lib_a-errno.o)
 .text          0x00000000        0x0 c:/ac6/systemworkbench/plugins/fr.ac6.mcu.externaltools.arm-none.win32_1.17.0.201812190825/tools/compiler/bin/../lib/gcc/arm-none-eabi/7.3.1/../../../../arm-none-eabi/lib/thumb/v7e-m/fpv4-sp/hard\libc.a(lib_a-exit.o)
 .data          0x00000000        0x0 c:/ac6/systemworkbench/plugins/fr.ac6.mcu.externaltools.arm-none.win32_1.17.0.201812190825/tools/compiler/bin/../lib/gcc/arm-none-eabi/7.3.1/../../../../arm-none-eabi/lib/thumb/v7e-m/fpv4-sp/hard\libc.a(lib_a-exit.o)
 .bss           0x00000000        0x0 c:/ac6/systemworkbench/plugins/fr.ac6.mcu.externaltools.arm-none.win32_1.17.0.201812190825/tools/compiler/bin/../lib/gcc/arm-none-eabi/7.3.1/../../../../arm-none-eabi/lib/thumb/v7e-m/fpv4-sp/hard\libc.a(lib_a-exit.o)
 .text.exit     0x00000000       0x20 c:/ac6/systemworkbench/plugins/fr.ac6.mcu.externaltools.arm-none.win32_1.17.0.201812190825/tools/compiler/bin/../lib/gcc/arm-none-eabi/7.3.1/../../../../arm-none-eabi/lib/thumb/v7e-m/fpv4-sp/hard\libc.a(lib_a-exit.o)
 .debug_frame   0x00000000       0x28 c:/ac6/systemworkbench/plugins/fr.ac6.mcu.externaltools.arm-none.win32_1.17.0.201812190825/tools/compiler/bin/../lib/gcc/arm-none-eabi/7.3.1/../../../../arm-none-eabi/lib/thumb/v7e-m/fpv4-sp/hard\libc.a(lib_a-exit.o)
 .ARM.attributes
                0x00000000       0x34 c:/ac6/systemworkbench/plugins/fr.ac6.mcu.externaltools.arm-none.win32_1.17.0.201812190825/tools/compiler/bin/../lib/gcc/arm-none-eabi/7.3.1/../../../../arm-none-eabi/lib/thumb/v7e-m/fpv4-sp/hard\libc.a(lib_a-exit.o)
 .text          0x00000000        0x0 c:/ac6/systemworkbench/plugins/fr.ac6.mcu.externaltools.arm-none.win32_1.17.0.201812190825/tools/compiler/bin/../lib/gcc/arm-none-eabi/7.3.1/../../../../arm-none-eabi/lib/thumb/v7e-m/fpv4-sp/hard\libc.a(lib_a-impure.o)
 .data          0x00000000        0x0 c:/ac6/systemworkbench/plugins/fr.ac6.mcu.externaltools.arm-none.win32_1.17.0.201812190825/tools/compiler/bin/../lib/gcc/arm-none-eabi/7.3.1/../../../../arm-none-eabi/lib/thumb/v7e-m/fpv4-sp/hard\libc.a(lib_a-impure.o)
 .bss           0x00000000        0x0 c:/ac6/systemworkbench/plugins/fr.ac6.mcu.externaltools.arm-none.win32_1.17.0.201812190825/tools/compiler/bin/../lib/gcc/arm-none-eabi/7.3.1/../../../../arm-none-eabi/lib/thumb/v7e-m/fpv4-sp/hard\libc.a(lib_a-impure.o)
 .data._impure_ptr
                0x00000000        0x4 c:/ac6/systemworkbench/plugins/fr.ac6.mcu.externaltools.arm-none.win32_1.17.0.201812190825/tools/compiler/bin/../lib/gcc/arm-none-eabi/7.3.1/../../../../arm-none-eabi/lib/thumb/v7e-m/fpv4-sp/hard\libc.a(lib_a-impure.o)
 .text          0x00000000        0x0 c:/ac6/systemworkbench/plugins/fr.ac6.mcu.externaltools.arm-none.win32_1.17.0.201812190825/tools/compiler/bin/../lib/gcc/arm-none-eabi/7.3.1/../../../../arm-none-eabi/lib/thumb/v7e-m/fpv4-sp/hard\libc.a(lib_a-init.o)
 .data          0x00000000        0x0 c:/ac6/systemworkbench/plugins/fr.ac6.mcu.externaltools.arm-none.win32_1.17.0.201812190825/tools/compiler/bin/../lib/gcc/arm-none-eabi/7.3.1/../../../../arm-none-eabi/lib/thumb/v7e-m/fpv4-sp/hard\libc.a(lib_a-init.o)
 .bss           0x00000000        0x0 c:/ac6/systemworkbench/plugins/fr.ac6.mcu.externaltools.arm-none.win32_1.17.0.201812190825/tools/compiler/bin/../lib/gcc/arm-none-eabi/7.3.1/../../../../arm-none-eabi/lib/thumb/v7e-m/fpv4-sp/hard\libc.a(lib_a-init.o)
 .text          0x00000000        0x0 c:/ac6/systemworkbench/plugins/fr.ac6.mcu.externaltools.arm-none.win32_1.17.0.201812190825/tools/compiler/bin/../lib/gcc/arm-none-eabi/7.3.1/../../../../arm-none-eabi/lib/thumb/v7e-m/fpv4-sp/hard\libc.a(lib_a-memset.o)
 .data          0x00000000        0x0 c:/ac6/systemworkbench/plugins/fr.ac6.mcu.externaltools.arm-none.win32_1.17.0.201812190825/tools/compiler/bin/../lib/gcc/arm-none-eabi/7.3.1/../../../../arm-none-eabi/lib/thumb/v7e-m/fpv4-sp/hard\libc.a(lib_a-memset.o)
 .bss           0x00000000        0x0 c:/ac6/systemworkbench/plugins/fr.ac6.mcu.externaltools.arm-none.win32_1.17.0.201812190825/tools/compiler/bin/../lib/gcc/arm-none-eabi/7.3.1/../../../../arm-none-eabi/lib/thumb/v7e-m/fpv4-sp/hard\libc.a(lib_a-memset.o)
 .text.memset   0x00000000       0x94 c:/ac6/systemworkbench/plugins/fr.ac6.mcu.externaltools.arm-none.win32_1.17.0.201812190825/tools/compiler/bin/../lib/gcc/arm-none-eabi/7.3.1/../../../../arm-none-eabi/lib/thumb/v7e-m/fpv4-sp/hard\libc.a(lib_a-memset.o)
 .debug_frame   0x00000000       0x38 c:/ac6/systemworkbench/plugins/fr.ac6.mcu.externaltools.arm-none.win32_1.17.0.201812190825/tools/compiler/bin/../lib/gcc/arm-none-eabi/7.3.1/../../../../arm-none-eabi/lib/thumb/v7e-m/fpv4-sp/hard\libc.a(lib_a-memset.o)
 .ARM.attributes
                0x00000000       0x34 c:/ac6/systemworkbench/plugins/fr.ac6.mcu.externaltools.arm-none.win32_1.17.0.201812190825/tools/compiler/bin/../lib/gcc/arm-none-eabi/7.3.1/../../../../arm-none-eabi/lib/thumb/v7e-m/fpv4-sp/hard\libc.a(lib_a-memset.o)
 .text          0x00000000        0x0 c:/ac6/systemworkbench/plugins/fr.ac6.mcu.externaltools.arm-none.win32_1.17.0.201812190825/tools/compiler/bin/../lib/gcc/arm-none-eabi/7.3.1/../../../../arm-none-eabi/lib/thumb/v7e-m/fpv4-sp/hard\libc.a(lib_a-__call_atexit.o)
 .data          0x00000000        0x0 c:/ac6/systemworkbench/plugins/fr.ac6.mcu.externaltools.arm-none.win32_1.17.0.201812190825/tools/compiler/bin/../lib/gcc/arm-none-eabi/7.3.1/../../../../arm-none-eabi/lib/thumb/v7e-m/fpv4-sp/hard\libc.a(lib_a-__call_atexit.o)
 .bss           0x00000000        0x0 c:/ac6/systemworkbench/plugins/fr.ac6.mcu.externaltools.arm-none.win32_1.17.0.201812190825/tools/compiler/bin/../lib/gcc/arm-none-eabi/7.3.1/../../../../arm-none-eabi/lib/thumb/v7e-m/fpv4-sp/hard\libc.a(lib_a-__call_atexit.o)
 .text.__call_exitprocs
                0x00000000       0xe8 c:/ac6/systemworkbench/plugins/fr.ac6.mcu.externaltools.arm-none.win32_1.17.0.201812190825/tools/compiler/bin/../lib/gcc/arm-none-eabi/7.3.1/../../../../arm-none-eabi/lib/thumb/v7e-m/fpv4-sp/hard\libc.a(lib_a-__call_atexit.o)
 .text          0x00000000        0x0 c:/ac6/systemworkbench/plugins/fr.ac6.mcu.externaltools.arm-none.win32_1.17.0.201812190825/tools/compiler/bin/../lib/gcc/arm-none-eabi/7.3.1/../../../../arm-none-eabi/lib/thumb/v7e-m/fpv4-sp/hard\libc.a(lib_a-atexit.o)
 .data          0x00000000        0x0 c:/ac6/systemworkbench/plugins/fr.ac6.mcu.externaltools.arm-none.win32_1.17.0.201812190825/tools/compiler/bin/../lib/gcc/arm-none-eabi/7.3.1/../../../../arm-none-eabi/lib/thumb/v7e-m/fpv4-sp/hard\libc.a(lib_a-atexit.o)
 .bss           0x00000000        0x0 c:/ac6/systemworkbench/plugins/fr.ac6.mcu.externaltools.arm-none.win32_1.17.0.201812190825/tools/compiler/bin/../lib/gcc/arm-none-eabi/7.3.1/../../../../arm-none-eabi/lib/thumb/v7e-m/fpv4-sp/hard\libc.a(lib_a-atexit.o)
 .text          0x00000000        0x0 c:/ac6/systemworkbench/plugins/fr.ac6.mcu.externaltools.arm-none.win32_1.17.0.201812190825/tools/compiler/bin/../lib/gcc/arm-none-eabi/7.3.1/../../../../arm-none-eabi/lib/thumb/v7e-m/fpv4-sp/hard\libc.a(lib_a-fini.o)
 .data          0x00000000        0x0 c:/ac6/systemworkbench/plugins/fr.ac6.mcu.externaltools.arm-none.win32_1.17.0.201812190825/tools/compiler/bin/../lib/gcc/arm-none-eabi/7.3.1/../../../../arm-none-eabi/lib/thumb/v7e-m/fpv4-sp/hard\libc.a(lib_a-fini.o)
 .bss           0x00000000        0x0 c:/ac6/systemworkbench/plugins/fr.ac6.mcu.externaltools.arm-none.win32_1.17.0.201812190825/tools/compiler/bin/../lib/gcc/arm-none-eabi/7.3.1/../../../../arm-none-eabi/lib/thumb/v7e-m/fpv4-sp/hard\libc.a(lib_a-fini.o)
 .text          0x00000000        0x0 c:/ac6/systemworkbench/plugins/fr.ac6.mcu.externaltools.arm-none.win32_1.17.0.201812190825/tools/compiler/bin/../lib/gcc/arm-none-eabi/7.3.1/../../../../arm-none-eabi/lib/thumb/v7e-m/fpv4-sp/hard\libc.a(lib_a-lock.o)
 .data          0x00000000        0x0 c:/ac6/systemworkbench/plugins/fr.ac6.mcu.externaltools.arm-none.win32_1.17.0.201812190825/tools/compiler/bin/../lib/gcc/arm-none-eabi/7.3.1/../../../../arm-none-eabi/lib/thumb/v7e-m/fpv4-sp/hard\libc.a(lib_a-lock.o)
 .bss           0x00000000        0x0 c:/ac6/systemworkbench/plugins/fr.ac6.mcu.externaltools.arm-none.win32_1.17.0.201812190825/tools/compiler/bin/../lib/gcc/arm-none-eabi/7.3.1/../../../../arm-none-eabi/lib/thumb/v7e-m/fpv4-sp/hard\libc.a(lib_a-lock.o)
 .text.__retarget_lock_init
                0x00000000        0x4 c:/ac6/systemworkbench/plugins/fr.ac6.mcu.externaltools.arm-none.win32_1.17.0.201812190825/tools/compiler/bin/../lib/gcc/arm-none-eabi/7.3.1/../../../../arm-none-eabi/lib/thumb/v7e-m/fpv4-sp/hard\libc.a(lib_a-lock.o)
 .text.__retarget_lock_init_recursive
                0x00000000        0x4 c:/ac6/systemworkbench/plugins/fr.ac6.mcu.externaltools.arm-none.win32_1.17.0.201812190825/tools/compiler/bin/../lib/gcc/arm-none-eabi/7.3.1/../../../../arm-none-eabi/lib/thumb/v7e-m/fpv4-sp/hard\libc.a(lib_a-lock.o)
 .text.__retarget_lock_close
                0x00000000        0x4 c:/ac6/systemworkbench/plugins/fr.ac6.mcu.externaltools.arm-none.win32_1.17.0.201812190825/tools/compiler/bin/../lib/gcc/arm-none-eabi/7.3.1/../../../../arm-none-eabi/lib/thumb/v7e-m/fpv4-sp/hard\libc.a(lib_a-lock.o)
 .text.__retarget_lock_close_recursive
                0x00000000        0x4 c:/ac6/systemworkbench/plugins/fr.ac6.mcu.externaltools.arm-none.win32_1.17.0.201812190825/tools/compiler/bin/../lib/gcc/arm-none-eabi/7.3.1/../../../../arm-none-eabi/lib/thumb/v7e-m/fpv4-sp/hard\libc.a(lib_a-lock.o)
 .text.__retarget_lock_acquire
                0x00000000        0x4 c:/ac6/systemworkbench/plugins/fr.ac6.mcu.externaltools.arm-none.win32_1.17.0.201812190825/tools/compiler/bin/../lib/gcc/arm-none-eabi/7.3.1/../../../../arm-none-eabi/lib/thumb/v7e-m/fpv4-sp/hard\libc.a(lib_a-lock.o)
 .text.__retarget_lock_try_acquire
                0x00000000        0x4 c:/ac6/systemworkbench/plugins/fr.ac6.mcu.externaltools.arm-none.win32_1.17.0.201812190825/tools/compiler/bin/../lib/gcc/arm-none-eabi/7.3.1/../../../../arm-none-eabi/lib/thumb/v7e-m/fpv4-sp/hard\libc.a(lib_a-lock.o)
 .text.__retarget_lock_try_acquire_recursive
                0x00000000        0x4 c:/ac6/systemworkbench/plugins/fr.ac6.mcu.externaltools.arm-none.win32_1.17.0.201812190825/tools/compiler/bin/../lib/gcc/arm-none-eabi/7.3.1/../../../../arm-none-eabi/lib/thumb/v7e-m/fpv4-sp/hard\libc.a(lib_a-lock.o)
 .text.__retarget_lock_release
                0x00000000        0x4 c:/ac6/systemworkbench/plugins/fr.ac6.mcu.externaltools.arm-none.win32_1.17.0.201812190825/tools/compiler/bin/../lib/gcc/arm-none-eabi/7.3.1/../../../../arm-none-eabi/lib/thumb/v7e-m/fpv4-sp/hard\libc.a(lib_a-lock.o)
 .text          0x00000000        0x0 c:/ac6/systemworkbench/plugins/fr.ac6.mcu.externaltools.arm-none.win32_1.17.0.201812190825/tools/compiler/bin/../lib/gcc/arm-none-eabi/7.3.1/../../../../arm-none-eabi/lib/thumb/v7e-m/fpv4-sp/hard\libc.a(lib_a-__atexit.o)
 .data          0x00000000        0x0 c:/ac6/systemworkbench/plugins/fr.ac6.mcu.externaltools.arm-none.win32_1.17.0.201812190825/tools/compiler/bin/../lib/gcc/arm-none-eabi/7.3.1/../../../../arm-none-eabi/lib/thumb/v7e-m/fpv4-sp/hard\libc.a(lib_a-__atexit.o)
 .bss           0x00000000        0x0 c:/ac6/systemworkbench/plugins/fr.ac6.mcu.externaltools.arm-none.win32_1.17.0.201812190825/tools/compiler/bin/../lib/gcc/arm-none-eabi/7.3.1/../../../../arm-none-eabi/lib/thumb/v7e-m/fpv4-sp/hard\libc.a(lib_a-__atexit.o)
 .text          0x00000000        0x0 c:/ac6/systemworkbench/plugins/fr.ac6.mcu.externaltools.arm-none.win32_1.17.0.201812190825/tools/compiler/bin/../lib/gcc/arm-none-eabi/7.3.1/thumb/v7e-m/fpv4-sp/hard/crtend.o
 .data          0x00000000        0x0 c:/ac6/systemworkbench/plugins/fr.ac6.mcu.externaltools.arm-none.win32_1.17.0.201812190825/tools/compiler/bin/../lib/gcc/arm-none-eabi/7.3.1/thumb/v7e-m/fpv4-sp/hard/crtend.o
 .bss           0x00000000        0x0 c:/ac6/systemworkbench/plugins/fr.ac6.mcu.externaltools.arm-none.win32_1.17.0.201812190825/tools/compiler/bin/../lib/gcc/arm-none-eabi/7.3.1/thumb/v7e-m/fpv4-sp/hard/crtend.o
 .eh_frame      0x00000000        0x4 c:/ac6/systemworkbench/plugins/fr.ac6.mcu.externaltools.arm-none.win32_1.17.0.201812190825/tools/compiler/bin/../lib/gcc/arm-none-eabi/7.3.1/thumb/v7e-m/fpv4-sp/hard/crtend.o
 .ARM.attributes
                0x00000000       0x34 c:/ac6/systemworkbench/plugins/fr.ac6.mcu.externaltools.arm-none.win32_1.17.0.201812190825/tools/compiler/bin/../lib/gcc/arm-none-eabi/7.3.1/thumb/v7e-m/fpv4-sp/hard/crtend.o
 .text          0x00000000        0x0 c:/ac6/systemworkbench/plugins/fr.ac6.mcu.externaltools.arm-none.win32_1.17.0.201812190825/tools/compiler/bin/../lib/gcc/arm-none-eabi/7.3.1/thumb/v7e-m/fpv4-sp/hard/crtn.o
 .data          0x00000000        0x0 c:/ac6/systemworkbench/plugins/fr.ac6.mcu.externaltools.arm-none.win32_1.17.0.201812190825/tools/compiler/bin/../lib/gcc/arm-none-eabi/7.3.1/thumb/v7e-m/fpv4-sp/hard/crtn.o
 .bss           0x00000000        0x0 c:/ac6/systemworkbench/plugins/fr.ac6.mcu.externaltools.arm-none.win32_1.17.0.201812190825/tools/compiler/bin/../lib/gcc/arm-none-eabi/7.3.1/thumb/v7e-m/fpv4-sp/hard/crtn.o

Memory Configuration

Name             Origin             Length             Attributes
RAM              0x20000000         0x00020000         xrw
ROM              0x08000000         0x00100000         xr
*default*        0x00000000         0xffffffff

Linker script and memory map

LOAD c:/ac6/systemworkbench/plugins/fr.ac6.mcu.externaltools.arm-none.win32_1.17.0.201812190825/tools/compiler/bin/../lib/gcc/arm-none-eabi/7.3.1/thumb/v7e-m/fpv4-sp/hard/crti.o
LOAD c:/ac6/systemworkbench/plugins/fr.ac6.mcu.externaltools.arm-none.win32_1.17.0.201812190825/tools/compiler/bin/../lib/gcc/arm-none-eabi/7.3.1/thumb/v7e-m/fpv4-sp/hard/crtbegin.o
LOAD c:/ac6/systemworkbench/plugins/fr.ac6.mcu.externaltools.arm-none.win32_1.17.0.201812190825/tools/compiler/bin/../lib/gcc/arm-none-eabi/7.3.1/../../../../arm-none-eabi/lib/thumb/v7e-m/fpv4-sp/hard/crt0.o
LOAD Device_driver/drivers/LT542(c.a.).o
LOAD Device_driver/drivers/adlx345.o
LOAD Device_driver/drivers/basic_timer.o
LOAD Device_driver/drivers/dma.o
LOAD Device_driver/drivers/gpio.o
LOAD Device_driver/drivers/i2c.o
LOAD Device_driver/drivers/random_no_gen.o
LOAD Device_driver/drivers/rcc.o
LOAD Device_driver/drivers/spi.o
LOAD Device_driver/drivers/usart.o
LOAD src/i2c_adxl345.o
LOAD startup/startup_stm32.o
LOAD startup/sysmem.o
LOAD c:/ac6/systemworkbench/plugins/fr.ac6.mcu.externaltools.arm-none.win32_1.17.0.201812190825/tools/compiler/bin/../lib/gcc/arm-none-eabi/7.3.1/../../../../arm-none-eabi/lib/thumb/v7e-m/fpv4-sp/hard\libm.a
START GROUP
LOAD c:/ac6/systemworkbench/plugins/fr.ac6.mcu.externaltools.arm-none.win32_1.17.0.201812190825/tools/compiler/bin/../lib/gcc/arm-none-eabi/7.3.1/thumb/v7e-m/fpv4-sp/hard\libgcc.a
LOAD c:/ac6/systemworkbench/plugins/fr.ac6.mcu.externaltools.arm-none.win32_1.17.0.201812190825/tools/compiler/bin/../lib/gcc/arm-none-eabi/7.3.1/../../../../arm-none-eabi/lib/thumb/v7e-m/fpv4-sp/hard\libc.a
END GROUP
LOAD c:/ac6/systemworkbench/plugins/fr.ac6.mcu.externaltools.arm-none.win32_1.17.0.201812190825/tools/compiler/bin/../lib/gcc/arm-none-eabi/7.3.1/thumb/v7e-m/fpv4-sp/hard/crtend.o
LOAD c:/ac6/systemworkbench/plugins/fr.ac6.mcu.externaltools.arm-none.win32_1.17.0.201812190825/tools/compiler/bin/../lib/gcc/arm-none-eabi/7.3.1/thumb/v7e-m/fpv4-sp/hard/crtn.o
                0x20020000                _estack = 0x20020000
                0x00000000                _Min_Heap_Size = 0x0
                0x00000400                _Min_Stack_Size = 0x400

.isr_vector     0x08000000      0x1a8
                0x08000000                . = ALIGN (0x4)
 *(.isr_vector)
 .isr_vector    0x08000000      0x1a8 startup/startup_stm32.o
                0x08000000                g_pfnVectors
                0x080001a8                . = ALIGN (0x4)

.text           0x080001a8      0x220
                0x080001a8                . = ALIGN (0x4)
 *(.text)
 .text          0x080001a8       0x40 c:/ac6/systemworkbench/plugins/fr.ac6.mcu.externaltools.arm-none.win32_1.17.0.201812190825/tools/compiler/bin/../lib/gcc/arm-none-eabi/7.3.1/thumb/v7e-m/fpv4-sp/hard/crtbegin.o
 *(.text*)
 .text.main     0x080001e8       0x10 src/i2c_adxl345.o
                0x080001e8                main
 .text.Reset_Handler
                0x080001f8       0x50 startup/startup_stm32.o
                0x080001f8                Reset_Handler
 .text.Default_Handler
                0x08000248        0x2 startup/startup_stm32.o
                0x08000248                RTC_Alarm_IRQHandler
                0x08000248                HASH_RNG_IRQHandler
                0x08000248                EXTI2_IRQHandler
                0x08000248                TIM8_CC_IRQHandler
                0x08000248                DebugMon_Handler
                0x08000248                TIM1_CC_IRQHandler
                0x08000248                DMA2_Stream5_IRQHandler
                0x08000248                HardFault_Handler
                0x08000248                DMA1_Stream5_IRQHandler
                0x08000248                SysTick_Handler
                0x08000248                PVD_IRQHandler
                0x08000248                SDIO_IRQHandler
                0x08000248                TAMP_STAMP_IRQHandler
                0x08000248                PendSV_Handler
                0x08000248                NMI_Handler
                0x08000248                CAN2_RX1_IRQHandler
                0x08000248                EXTI3_IRQHandler
                0x08000248                TIM8_TRG_COM_TIM14_IRQHandler
                0x08000248                TIM1_UP_TIM10_IRQHandler
                0x08000248                TIM8_UP_TIM13_IRQHandler
                0x08000248                I2C3_ER_IRQHandler
                0x08000248                LCD_TFT_IRQHandler
                0x08000248                EXTI0_IRQHandler
                0x08000248                I2C2_EV_IRQHandler
                0x08000248                DMA1_Stream2_IRQHandler
                0x08000248                CAN1_RX0_IRQHandler
                0x08000248                FPU_IRQHandler
                0x08000248                OTG_HS_WKUP_IRQHandler
                0x08000248                UsageFault_Handler
                0x08000248                CAN2_SCE_IRQHandler
                0x08000248                DMA2_Stream2_IRQHandler
                0x08000248                SPI1_IRQHandler
                0x08000248                TIM6_DAC_IRQHandler
                0x08000248                TIM1_BRK_TIM9_IRQHandler
                0x08000248                DCMI_IRQHandler
                0x08000248                CAN2_RX0_IRQHandler
                0x08000248                DMA2_Stream3_IRQHandler
                0x08000248                USART6_IRQHandler
                0x08000248                USART3_IRQHandler
                0x08000248                CRYP_IRQHandler
                0x08000248                CAN1_RX1_IRQHandler
                0x08000248                UART5_IRQHandler
                0x08000248                DMA2_Stream0_IRQHandler
                0x08000248                TIM4_IRQHandler
                0x08000248                I2C1_EV_IRQHandler
                0x08000248                DMA1_Stream6_IRQHandler
                0x08000248                DMA1_Stream1_IRQHandler
                0x08000248                UART4_IRQHandler
                0x08000248                LCD_TFT_1_IRQHandler
                0x08000248                TIM3_IRQHandler
                0x08000248                RCC_IRQHandler
                0x08000248                TIM8_BRK_TIM12_IRQHandler
                0x08000248                Default_Handler
                0x08000248                EXTI15_10_IRQHandler
                0x08000248                ADC_IRQHandler
                0x08000248                DMA1_Stream7_IRQHandler
                0x08000248                TIM7_IRQHandler
                0x08000248                CAN2_TX_IRQHandler
                0x08000248                TIM5_IRQHandler
                0x08000248                DMA2_Stream7_IRQHandler
                0x08000248                I2C3_EV_IRQHandler
                0x08000248                EXTI9_5_IRQHandler
                0x08000248                RTC_WKUP_IRQHandler
                0x08000248                ETH_WKUP_IRQHandler
                0x08000248                SPI2_IRQHandler
                0x08000248                OTG_HS_EP1_IN_IRQHandler
                0x08000248                MemManage_Handler
                0x08000248                DMA1_Stream0_IRQHandler
                0x08000248                CAN1_TX_IRQHandler
                0x08000248                SVC_Handler
                0x08000248                EXTI4_IRQHandler
                0x08000248                FSMC_IRQHandler
                0x08000248                ETH_IRQHandler
                0x08000248                OTG_HS_EP1_OUT_IRQHandler
                0x08000248                WWDG_IRQHandler
                0x08000248                TIM2_IRQHandler
                0x08000248                OTG_FS_WKUP_IRQHandler
                0x08000248                TIM1_TRG_COM_TIM11_IRQHandler
                0x08000248                OTG_HS_IRQHandler
                0x08000248                EXTI1_IRQHandler
                0x08000248                USART2_IRQHandler
                0x08000248                I2C2_ER_IRQHandler
                0x08000248                DMA2_Stream1_IRQHandler
                0x08000248                CAN1_SCE_IRQHandler
                0x08000248                DMA2_Stream4_IRQHandler
                0x08000248                BusFault_Handler
                0x08000248                USART1_IRQHandler
                0x08000248                OTG_FS_IRQHandler
                0x08000248                SPI3_IRQHandler
                0x08000248                DMA1_Stream4_IRQHandler
                0x08000248                I2C1_ER_IRQHandler
                0x08000248                DMA2_Stream6_IRQHandler
                0x08000248                DMA1_Stream3_IRQHandler
 *fill*         0x0800024a        0x2 
 .text.__libc_init_array
                0x0800024c       0x48 c:/ac6/systemworkbench/plugins/fr.ac6.mcu.externaltools.arm-none.win32_1.17.0.201812190825/tools/compiler/bin/../lib/gcc/arm-none-eabi/7.3.1/../../../../arm-none-eabi/lib/thumb/v7e-m/fpv4-sp/hard\libc.a(lib_a-init.o)
                0x0800024c                __libc_init_array
 .text.startup.register_fini
                0x08000294       0x14 c:/ac6/systemworkbench/plugins/fr.ac6.mcu.externaltools.arm-none.win32_1.17.0.201812190825/tools/compiler/bin/../lib/gcc/arm-none-eabi/7.3.1/../../../../arm-none-eabi/lib/thumb/v7e-m/fpv4-sp/hard\libc.a(lib_a-__call_atexit.o)
 .text.atexit   0x080002a8        0xc c:/ac6/systemworkbench/plugins/fr.ac6.mcu.externaltools.arm-none.win32_1.17.0.201812190825/tools/compiler/bin/../lib/gcc/arm-none-eabi/7.3.1/../../../../arm-none-eabi/lib/thumb/v7e-m/fpv4-sp/hard\libc.a(lib_a-atexit.o)
                0x080002a8                atexit
 .text.__libc_fini_array
                0x080002b4       0x34 c:/ac6/systemworkbench/plugins/fr.ac6.mcu.externaltools.arm-none.win32_1.17.0.201812190825/tools/compiler/bin/../lib/gcc/arm-none-eabi/7.3.1/../../../../arm-none-eabi/lib/thumb/v7e-m/fpv4-sp/hard\libc.a(lib_a-fini.o)
                0x080002b4                __libc_fini_array
 .text.__retarget_lock_acquire_recursive
                0x080002e8        0x4 c:/ac6/systemworkbench/plugins/fr.ac6.mcu.externaltools.arm-none.win32_1.17.0.201812190825/tools/compiler/bin/../lib/gcc/arm-none-eabi/7.3.1/../../../../arm-none-eabi/lib/thumb/v7e-m/fpv4-sp/hard\libc.a(lib_a-lock.o)
                0x080002e8                __retarget_lock_acquire_recursive
 .text.__retarget_lock_release_recursive
                0x080002ec        0x4 c:/ac6/systemworkbench/plugins/fr.ac6.mcu.externaltools.arm-none.win32_1.17.0.201812190825/tools/compiler/bin/../lib/gcc/arm-none-eabi/7.3.1/../../../../arm-none-eabi/lib/thumb/v7e-m/fpv4-sp/hard\libc.a(lib_a-lock.o)
                0x080002ec                __retarget_lock_release_recursive
 .text.__register_exitproc
                0x080002f0       0xc0 c:/ac6/systemworkbench/plugins/fr.ac6.mcu.externaltools.arm-none.win32_1.17.0.201812190825/tools/compiler/bin/../lib/gcc/arm-none-eabi/7.3.1/../../../../arm-none-eabi/lib/thumb/v7e-m/fpv4-sp/hard\libc.a(lib_a-__atexit.o)
                0x080002f0                __register_exitproc
 *(.glue_7)
 .glue_7        0x080003b0        0x0 linker stubs
 *(.glue_7t)
 .glue_7t       0x080003b0        0x0 linker stubs
 *(.eh_frame)
 .eh_frame      0x080003b0        0x0 c:/ac6/systemworkbench/plugins/fr.ac6.mcu.externaltools.arm-none.win32_1.17.0.201812190825/tools/compiler/bin/../lib/gcc/arm-none-eabi/7.3.1/thumb/v7e-m/fpv4-sp/hard/crtbegin.o
 *(.init)
 .init          0x080003b0        0x4 c:/ac6/systemworkbench/plugins/fr.ac6.mcu.externaltools.arm-none.win32_1.17.0.201812190825/tools/compiler/bin/../lib/gcc/arm-none-eabi/7.3.1/thumb/v7e-m/fpv4-sp/hard/crti.o
                0x080003b0                _init
 .init          0x080003b4        0x8 c:/ac6/systemworkbench/plugins/fr.ac6.mcu.externaltools.arm-none.win32_1.17.0.201812190825/tools/compiler/bin/../lib/gcc/arm-none-eabi/7.3.1/thumb/v7e-m/fpv4-sp/hard/crtn.o
 *(.fini)
 .fini          0x080003bc        0x4 c:/ac6/systemworkbench/plugins/fr.ac6.mcu.externaltools.arm-none.win32_1.17.0.201812190825/tools/compiler/bin/../lib/gcc/arm-none-eabi/7.3.1/thumb/v7e-m/fpv4-sp/hard/crti.o
                0x080003bc                _fini
 .fini          0x080003c0        0x8 c:/ac6/systemworkbench/plugins/fr.ac6.mcu.externaltools.arm-none.win32_1.17.0.201812190825/tools/compiler/bin/../lib/gcc/arm-none-eabi/7.3.1/thumb/v7e-m/fpv4-sp/hard/crtn.o
                0x080003c8                . = ALIGN (0x4)
                0x080003c8                _etext = .

.vfp11_veneer   0x080003c8        0x0
 .vfp11_veneer  0x080003c8        0x0 linker stubs

.v4_bx          0x080003c8        0x0
 .v4_bx         0x080003c8        0x0 linker stubs

.iplt           0x080003c8        0x0
 .iplt          0x080003c8        0x0 c:/ac6/systemworkbench/plugins/fr.ac6.mcu.externaltools.arm-none.win32_1.17.0.201812190825/tools/compiler/bin/../lib/gcc/arm-none-eabi/7.3.1/thumb/v7e-m/fpv4-sp/hard/crtbegin.o

.rodata         0x080003c8        0x4
                0x080003c8                . = ALIGN (0x4)
 *(.rodata)
 *(.rodata*)
 .rodata._global_impure_ptr
                0x080003c8        0x4 c:/ac6/systemworkbench/plugins/fr.ac6.mcu.externaltools.arm-none.win32_1.17.0.201812190825/tools/compiler/bin/../lib/gcc/arm-none-eabi/7.3.1/../../../../arm-none-eabi/lib/thumb/v7e-m/fpv4-sp/hard\libc.a(lib_a-impure.o)
                0x080003c8                _global_impure_ptr
                0x080003cc                . = ALIGN (0x4)

.rel.dyn        0x080003cc        0x0
 .rel.iplt      0x080003cc        0x0 c:/ac6/systemworkbench/plugins/fr.ac6.mcu.externaltools.arm-none.win32_1.17.0.201812190825/tools/compiler/bin/../lib/gcc/arm-none-eabi/7.3.1/thumb/v7e-m/fpv4-sp/hard/crtbegin.o

.ARM.extab      0x080003cc        0x0
                0x080003cc                . = ALIGN (0x4)
 *(.ARM.extab* .gnu.linkonce.armextab.*)
                0x080003cc                . = ALIGN (0x4)

.ARM            0x080003cc        0x0
                0x080003cc                . = ALIGN (0x4)
                0x080003cc                __exidx_start = .
 *(.ARM.exidx*)
                0x080003cc                __exidx_end = .
                0x080003cc                . = ALIGN (0x4)

.preinit_array  0x080003cc        0x0
                0x080003cc                . = ALIGN (0x4)
                0x080003cc                PROVIDE (__preinit_array_start = .)
 *(.preinit_array*)
                0x080003cc                PROVIDE (__preinit_array_end = .)
                0x080003cc                . = ALIGN (0x4)

.init_array     0x080003cc        0x8
                0x080003cc                . = ALIGN (0x4)
                0x080003cc                PROVIDE (__init_array_start = .)
 *(SORT_BY_NAME(.init_array.*))
 .init_array.00000
                0x080003cc        0x4 c:/ac6/systemworkbench/plugins/fr.ac6.mcu.externaltools.arm-none.win32_1.17.0.201812190825/tools/compiler/bin/../lib/gcc/arm-none-eabi/7.3.1/../../../../arm-none-eabi/lib/thumb/v7e-m/fpv4-sp/hard\libc.a(lib_a-__call_atexit.o)
 *(.init_array*)
 .init_array    0x080003d0        0x4 c:/ac6/systemworkbench/plugins/fr.ac6.mcu.externaltools.arm-none.win32_1.17.0.201812190825/tools/compiler/bin/../lib/gcc/arm-none-eabi/7.3.1/thumb/v7e-m/fpv4-sp/hard/crtbegin.o
                0x080003d4                PROVIDE (__init_array_end = .)
                0x080003d4                . = ALIGN (0x4)

.fini_array     0x080003d4        0x4
                0x080003d4                . = ALIGN (0x4)
                0x080003d4                PROVIDE (__fini_array_start = .)
 *(SORT_BY_NAME(.fini_array.*))
 *(.fini_array*)
 .fini_array    0x080003d4        0x4 c:/ac6/systemworkbench/plugins/fr.ac6.mcu.externaltools.arm-none.win32_1.17.0.201812190825/tools/compiler/bin/../lib/gcc/arm-none-eabi/7.3.1/thumb/v7e-m/fpv4-sp/hard/crtbegin.o
                0x080003d8                PROVIDE (__fini_array_end = .)
                0x080003d8                . = ALIGN (0x4)
                0x080003d8                _sidata = LOADADDR (.data)

.data           0x20000000      0x42c load address 0x080003d8
                0x20000000                . = ALIGN (0x4)
                0x20000000                _sdata = .
 *(.data)
 *(.data*)
 .data.impure_data
                0x20000000      0x428 c:/ac6/systemworkbench/plugins/fr.ac6.mcu.externaltools.arm-none.win32_1.17.0.201812190825/tools/compiler/bin/../lib/gcc/arm-none-eabi/7.3.1/../../../../arm-none-eabi/lib/thumb/v7e-m/fpv4-sp/hard\libc.a(lib_a-impure.o)
 .data.__atexit_recursive_mutex
                0x20000428        0x4 c:/ac6/systemworkbench/plugins/fr.ac6.mcu.externaltools.arm-none.win32_1.17.0.201812190825/tools/compiler/bin/../lib/gcc/arm-none-eabi/7.3.1/../../../../arm-none-eabi/lib/thumb/v7e-m/fpv4-sp/hard\libc.a(lib_a-__call_atexit.o)
                0x20000428                __atexit_recursive_mutex
                0x2000042c                . = ALIGN (0x4)
                0x2000042c                _edata = .

.igot.plt       0x2000042c        0x0 load address 0x08000804
 .igot.plt      0x2000042c        0x0 c:/ac6/systemworkbench/plugins/fr.ac6.mcu.externaltools.arm-none.win32_1.17.0.201812190825/tools/compiler/bin/../lib/gcc/arm-none-eabi/7.3.1/thumb/v7e-m/fpv4-sp/hard/crtbegin.o
                0x2000042c                . = ALIGN (0x4)

.bss            0x2000042c       0x40 load address 0x08000804
                0x2000042c                _sbss = .
                0x2000042c                __bss_start__ = _sbss
 *(.bss)
 .bss           0x2000042c       0x1c c:/ac6/systemworkbench/plugins/fr.ac6.mcu.externaltools.arm-none.win32_1.17.0.201812190825/tools/compiler/bin/../lib/gcc/arm-none-eabi/7.3.1/thumb/v7e-m/fpv4-sp/hard/crtbegin.o
 *(.bss*)
 *(COMMON)
 COMMON         0x20000448       0x21 c:/ac6/systemworkbench/plugins/fr.ac6.mcu.externaltools.arm-none.win32_1.17.0.201812190825/tools/compiler/bin/../lib/gcc/arm-none-eabi/7.3.1/../../../../arm-none-eabi/lib/thumb/v7e-m/fpv4-sp/hard\libc.a(lib_a-lock.o)
                0x20000448                __lock___atexit_recursive_mutex
                0x2000044c                __lock___arc4random_mutex
                0x20000450                __lock___env_recursive_mutex
                0x20000454                __lock___sinit_recursive_mutex
                0x20000458                __lock___malloc_recursive_mutex
                0x2000045c                __lock___at_quick_exit_mutex
                0x20000460                __lock___dd_hash_mutex
                0x20000464                __lock___tz_mutex
                0x20000468                __lock___sfp_recursive_mutex
                0x2000046c                . = ALIGN (0x4)
 *fill*         0x20000469        0x3 
                0x2000046c                _ebss = .
                0x2000046c                __bss_end__ = _ebss

._user_heap_stack
                0x2000046c      0x404 load address 0x08000804
                0x20000470                . = ALIGN (0x8)
 *fill*         0x2000046c        0x4 
                0x20000470                PROVIDE (end = .)
                [!provide]                PROVIDE (_end = .)
                0x20000470                . = (. + _Min_Heap_Size)
                0x20000870                . = (. + _Min_Stack_Size)
 *fill*         0x20000470      0x400 
                0x20000870                . = ALIGN (0x8)

/DISCARD/
 libc.a(*)
 libm.a(*)
 libgcc.a(*)

.ARM.attributes
                0x00000000       0x30
 *(.ARM.attributes)
 .ARM.attributes
                0x00000000       0x22 c:/ac6/systemworkbench/plugins/fr.ac6.mcu.externaltools.arm-none.win32_1.17.0.201812190825/tools/compiler/bin/../lib/gcc/arm-none-eabi/7.3.1/thumb/v7e-m/fpv4-sp/hard/crti.o
 .ARM.attributes
                0x00000022       0x34 c:/ac6/systemworkbench/plugins/fr.ac6.mcu.externaltools.arm-none.win32_1.17.0.201812190825/tools/compiler/bin/../lib/gcc/arm-none-eabi/7.3.1/thumb/v7e-m/fpv4-sp/hard/crtbegin.o
 .ARM.attributes
                0x00000056       0x39 src/i2c_adxl345.o
 .ARM.attributes
                0x0000008f       0x21 startup/startup_stm32.o
 .ARM.attributes
                0x000000b0       0x34 c:/ac6/systemworkbench/plugins/fr.ac6.mcu.externaltools.arm-none.win32_1.17.0.201812190825/tools/compiler/bin/../lib/gcc/arm-none-eabi/7.3.1/../../../../arm-none-eabi/lib/thumb/v7e-m/fpv4-sp/hard\libc.a(lib_a-impure.o)
 .ARM.attributes
                0x000000e4       0x34 c:/ac6/systemworkbench/plugins/fr.ac6.mcu.externaltools.arm-none.win32_1.17.0.201812190825/tools/compiler/bin/../lib/gcc/arm-none-eabi/7.3.1/../../../../arm-none-eabi/lib/thumb/v7e-m/fpv4-sp/hard\libc.a(lib_a-init.o)
 .ARM.attributes
                0x00000118       0x34 c:/ac6/systemworkbench/plugins/fr.ac6.mcu.externaltools.arm-none.win32_1.17.0.201812190825/tools/compiler/bin/../lib/gcc/arm-none-eabi/7.3.1/../../../../arm-none-eabi/lib/thumb/v7e-m/fpv4-sp/hard\libc.a(lib_a-__call_atexit.o)
 .ARM.attributes
                0x0000014c       0x34 c:/ac6/systemworkbench/plugins/fr.ac6.mcu.externaltools.arm-none.win32_1.17.0.201812190825/tools/compiler/bin/../lib/gcc/arm-none-eabi/7.3.1/../../../../arm-none-eabi/lib/thumb/v7e-m/fpv4-sp/hard\libc.a(lib_a-atexit.o)
 .ARM.attributes
                0x00000180       0x34 c:/ac6/systemworkbench/plugins/fr.ac6.mcu.externaltools.arm-none.win32_1.17.0.201812190825/tools/compiler/bin/../lib/gcc/arm-none-eabi/7.3.1/../../../../arm-none-eabi/lib/thumb/v7e-m/fpv4-sp/hard\libc.a(lib_a-fini.o)
 .ARM.attributes
                0x000001b4       0x34 c:/ac6/systemworkbench/plugins/fr.ac6.mcu.externaltools.arm-none.win32_1.17.0.201812190825/tools/compiler/bin/../lib/gcc/arm-none-eabi/7.3.1/../../../../arm-none-eabi/lib/thumb/v7e-m/fpv4-sp/hard\libc.a(lib_a-lock.o)
 .ARM.attributes
                0x000001e8       0x34 c:/ac6/systemworkbench/plugins/fr.ac6.mcu.externaltools.arm-none.win32_1.17.0.201812190825/tools/compiler/bin/../lib/gcc/arm-none-eabi/7.3.1/../../../../arm-none-eabi/lib/thumb/v7e-m/fpv4-sp/hard\libc.a(lib_a-__atexit.o)
 .ARM.attributes
                0x0000021c       0x22 c:/ac6/systemworkbench/plugins/fr.ac6.mcu.externaltools.arm-none.win32_1.17.0.201812190825/tools/compiler/bin/../lib/gcc/arm-none-eabi/7.3.1/thumb/v7e-m/fpv4-sp/hard/crtn.o
OUTPUT(my_home_project.elf elf32-littlearm)

.debug_info     0x00000000      0x8d0
 .debug_info    0x00000000      0x8ae src/i2c_adxl345.o
 .debug_info    0x000008ae       0x22 startup/startup_stm32.o

.debug_abbrev   0x00000000      0x1ad
 .debug_abbrev  0x00000000      0x19b src/i2c_adxl345.o
 .debug_abbrev  0x0000019b       0x12 startup/startup_stm32.o

.debug_aranges  0x00000000       0x48
 .debug_aranges
                0x00000000       0x20 src/i2c_adxl345.o
 .debug_aranges
                0x00000020       0x28 startup/startup_stm32.o

.debug_ranges   0x00000000       0x30
 .debug_ranges  0x00000000       0x10 src/i2c_adxl345.o
 .debug_ranges  0x00000010       0x20 startup/startup_stm32.o

.debug_macro    0x00000000      0x819
 .debug_macro   0x00000000      0x15d src/i2c_adxl345.o
 .debug_macro   0x0000015d       0x5e src/i2c_adxl345.o
 .debug_macro   0x000001bb       0x18 src/i2c_adxl345.o
 .debug_macro   0x000001d3       0x35 src/i2c_adxl345.o
 .debug_macro   0x00000208       0x34 src/i2c_adxl345.o
 .debug_macro   0x0000023c       0x58 src/i2c_adxl345.o
 .debug_macro   0x00000294       0x1f src/i2c_adxl345.o
 .debug_macro   0x000002b3       0x43 src/i2c_adxl345.o
 .debug_macro   0x000002f6       0x20 src/i2c_adxl345.o
 .debug_macro   0x00000316      0x18e src/i2c_adxl345.o
 .debug_macro   0x000004a4      0x330 src/i2c_adxl345.o
 .debug_macro   0x000007d4       0x10 src/i2c_adxl345.o
 .debug_macro   0x000007e4       0x35 src/i2c_adxl345.o

.debug_line     0x00000000      0x451
 .debug_line    0x00000000      0x3d5 src/i2c_adxl345.o
 .debug_line    0x000003d5       0x7c startup/startup_stm32.o

.debug_str      0x00000000     0x8c43
 .debug_str     0x00000000     0x8c1a src/i2c_adxl345.o
                               0x8e36 (size before relaxing)
 .debug_str     0x00008c1a       0x29 startup/startup_stm32.o
                                 0x60 (size before relaxing)

.comment        0x00000000       0x7f
 .comment       0x00000000       0x7f src/i2c_adxl345.o
                                 0x80 (size before relaxing)

.debug_frame    0x00000000      0x1f0
 .debug_frame   0x00000000       0x30 src/i2c_adxl345.o
 .debug_frame   0x00000030       0x2c c:/ac6/systemworkbench/plugins/fr.ac6.mcu.externaltools.arm-none.win32_1.17.0.201812190825/tools/compiler/bin/../lib/gcc/arm-none-eabi/7.3.1/../../../../arm-none-eabi/lib/thumb/v7e-m/fpv4-sp/hard\libc.a(lib_a-init.o)
 .debug_frame   0x0000005c       0x5c c:/ac6/systemworkbench/plugins/fr.ac6.mcu.externaltools.arm-none.win32_1.17.0.201812190825/tools/compiler/bin/../lib/gcc/arm-none-eabi/7.3.1/../../../../arm-none-eabi/lib/thumb/v7e-m/fpv4-sp/hard\libc.a(lib_a-__call_atexit.o)
 .debug_frame   0x000000b8       0x20 c:/ac6/systemworkbench/plugins/fr.ac6.mcu.externaltools.arm-none.win32_1.17.0.201812190825/tools/compiler/bin/../lib/gcc/arm-none-eabi/7.3.1/../../../../arm-none-eabi/lib/thumb/v7e-m/fpv4-sp/hard\libc.a(lib_a-atexit.o)
 .debug_frame   0x000000d8       0x34 c:/ac6/systemworkbench/plugins/fr.ac6.mcu.externaltools.arm-none.win32_1.17.0.201812190825/tools/compiler/bin/../lib/gcc/arm-none-eabi/7.3.1/../../../../arm-none-eabi/lib/thumb/v7e-m/fpv4-sp/hard\libc.a(lib_a-fini.o)
 .debug_frame   0x0000010c       0xb0 c:/ac6/systemworkbench/plugins/fr.ac6.mcu.externaltools.arm-none.win32_1.17.0.201812190825/tools/compiler/bin/../lib/gcc/arm-none-eabi/7.3.1/../../../../arm-none-eabi/lib/thumb/v7e-m/fpv4-sp/hard\libc.a(lib_a-lock.o)
 .debug_frame   0x000001bc       0x34 c:/ac6/systemworkbench/plugins/fr.ac6.mcu.externaltools.arm-none.win32_1.17.0.201812190825/tools/compiler/bin/../lib/gcc/arm-none-eabi/7.3.1/../../../../arm-none-eabi/lib/thumb/v7e-m/fpv4-sp/hard\libc.a(lib_a-__atexit.o)
